Archive member included because of file (symbol)

core/drv_bsp/MST9U_nos_r2/lib/libnos.a(asmCPU.o)
                              Obj_R2_MT9700_MTK/./monitor_ap/DRIVER/9700/drvmStar.o (_MAsm_CPU_DelayMs)
core/drv_bsp/MST9U_nos_r2/lib/libnos.a(MsOS_nos.o)
                              Obj_R2_MT9700_MTK/./core/api/n51fs/msAPI_N51FS.o (_MsOS_VA2PA)
core/drv_bsp/MST9U_nos_r2/lib/libdrvCPU.a(drvCPU.o)
                              core/drv_bsp/MST9U_nos_r2/lib/libnos.a(MsOS_nos.o) (_MDrv_CPU_SetClock)
core/drv_bsp/MST9U_nos_r2/lib/libdrvCPU.a(halCPU.o)
                              core/drv_bsp/MST9U_nos_r2/lib/libdrvCPU.a(drvCPU.o) (_HAL_COPRO_RegSetBase)
core/drv_bsp/MST9U_nos_r2/lib/libdrvUART.a(drvUART.o)
                              Obj_R2_MT9700_MTK/./core/driver/sys/MST9U/drvUartDebug.o (_mdrv_uart_open)
core/drv_bsp/MST9U_nos_r2/lib/libdrvUART.a(halUART.o)
                              core/drv_bsp/MST9U_nos_r2/lib/libdrvUART.a(drvUART.o) (_HAL_UART_SetIOMapBase)
core/drv_bsp/MST9U_nos_r2/lib/libdrvMMIO.a(drvMMIO.o)
                              Obj_R2_MT9700_MTK/./core/driver/sys/MST9U/SysInit.o (_MDrv_MMIO_Init)
core/drv_bsp/MST9U_nos_r2/lib/libdrvMMIO.a(halMMIO.o)
                              core/drv_bsp/MST9U_nos_r2/lib/libdrvMMIO.a(drvMMIO.o) (_HAL_MMIO_GetType)
./monitor_ap/LIB/Common.lib(msEread.o)
                              Obj_R2_MT9700_MTK/./monitor_ap/DRIVER/9700/drvDAC.o (_msEread_Init)
core/drv_bsp/MST9U_nos_r2/lib/libdrvIRQ.a(drvIRQ.o)
                              core/drv_bsp/MST9U_nos_r2/lib/libnos.a(MsOS_nos.o) (_MDrv_IRQ_InISR)
core/drv_bsp/MST9U_nos_r2/lib/libdrvIRQ.a(halIRQ.o)
                              core/drv_bsp/MST9U_nos_r2/lib/libdrvIRQ.a(drvIRQ.o) (_HAL_IRQ_Set_IOMap)
./core/lib/MST9U/libprana_MST9U.a(reset.o)
                              (--whole-archive)
./core/lib/MST9U/libprana_MST9U.a(vectors.o)
                              (--whole-archive)
./core/lib/MST9U/libprana_MST9U.a(stack.o)
                              (--whole-archive)
./core/lib/MST9U/libprana_MST9U.a(cache.o)
                              (--whole-archive)
./core/lib/MST9U/libprana_MST9U.a(context.o)
                              (--whole-archive)
./core/lib/MST9U/libprana_MST9U.a(interrupt.o)
                              (--whole-archive)
./core/lib/MST9U/libprana_MST9U.a(exception.o)
                              (--whole-archive)
./core/lib/MST9U/libprana_MST9U.a(vsnprintf.o)
                              (--whole-archive)
./core/lib/MST9U/libprana_MST9U.a(vsprintf.o)
                              (--whole-archive)
./core/lib/MST9U/libprana_MST9U.a(snprintf.o)
                              (--whole-archive)
./core/lib/MST9U/libprana_MST9U.a(sprintf.o)
                              (--whole-archive)
./core/lib/MST9U/libprana_MST9U.a(printf.o)
                              (--whole-archive)
./core/lib/MST9U/libprana_MST9U.a(putchar.o)
                              (--whole-archive)
./core/lib/MST9U/libprana_MST9U.a(puts.o)
                              (--whole-archive)
./core/lib/MST9U/libprana_MST9U.a(sbrk.o)
                              (--whole-archive)
./core/lib/MST9U/libprana_MST9U.a(memchr.o)
                              (--whole-archive)
./core/lib/MST9U/libprana_MST9U.a(memset.o)
                              (--whole-archive)
./core/lib/MST9U/libprana_MST9U.a(backtrace.o)
                              (--whole-archive)
./core/lib/MST9U/libprana_MST9U.a(int_sqrt.o)
                              (--whole-archive)
./core/lib/MST9U/libprana_MST9U.a(__assert.o)
                              (--whole-archive)
./core/lib/MST9U/libprana_MST9U.a(ms_decompress.o)
                              (--whole-archive)
./core/lib/MST9U/libprana_MST9U.a(zlib.o)
                              (--whole-archive)
./core/lib/MST9U/libprana_MST9U.a(lzmadec.o)
                              (--whole-archive)
./core/lib/MST9U/libprana_MST9U.a(7alloc.o)
                              (--whole-archive)
./core/lib/MST9U/libprana_MST9U.a(exception_cb.o)
                              (--whole-archive)
./core/lib/MST9U/libprana_MST9U.a(timer_cb.o)
                              (--whole-archive)
./core/lib/MST9U/libprana_MST9U.a(dlmalloc.o)
                              (--whole-archive)
./core/lib/MST9U/libprana_MST9U.a(device.o)
                              (--whole-archive)
./core/lib/MST9U/libprana_MST9U.a(drvGlobal.o)
                              (--whole-archive)
./core/lib/MST9U/libprana_MST9U.a(vsnprintf_boot.o)
                              (--whole-archive)
/opt/aeon/lib/gcc/aeon/4.1.2/../../../../aeon/lib/aeonR2/el/libc.a(errno.o)
                              ./core/lib/MST9U/libprana_MST9U.a(dlmalloc.o) (___errno)
/opt/aeon/lib/gcc/aeon/4.1.2/../../../../aeon/lib/aeonR2/el/libc.a(glue.o)
                              Obj_R2_MT9700_MTK/./core/driver/sys/MST9U/SysInit.o (___heap_end)
/opt/aeon/lib/gcc/aeon/4.1.2/../../../../aeon/lib/aeonR2/el/libc.a(impure.o)
[...]
Memory Configuration

Name             Origin             Length             Attributes
ram              0x00000000         0x00200000
sram             0xb0000000         0x00040000
*default*        0x00000000         0xffffffff

Linker script and memory map

START GROUP
LOAD Obj_R2_MT9700_MTK/./monitor_ap/KERNEL/SCALER/ms_rwreg.o
LOAD Obj_R2_MT9700_MTK/./monitor_ap/DRIVER/9700/drvAdjust.o
LOAD Obj_R2_MT9700_MTK/./monitor_ap/DRIVER/9700/drvMcu.o
LOAD Obj_R2_MT9700_MTK/./monitor_ap/DRIVER/9700/msScaler.o
LOAD Obj_R2_MT9700_MTK/./monitor_ap/DRIVER/9700/appmStar.o
LOAD Obj_R2_MT9700_MTK/./monitor_ap/DRIVER/9700/drvmStar.o
LOAD Obj_R2_MT9700_MTK/./monitor_ap/DRIVER/9700/msFB.o
LOAD Obj_R2_MT9700_MTK/./monitor_ap/DRIVER/9700/drvmsOVD.o
LOAD Obj_R2_MT9700_MTK/./monitor_ap/DRIVER/9700/drvDAC.o
LOAD Obj_R2_MT9700_MTK/./monitor_ap/DRIVER/9700/drvGamma.o
LOAD Obj_R2_MT9700_MTK/./monitor_ap/DRIVER/9700/drvCEC.o
LOAD Obj_R2_MT9700_MTK/./monitor_ap/DRIVER/9700/drvIMI.o
LOAD Obj_R2_MT9700_MTK/./monitor_ap/DRIVER/9700/drvDeltaE.o
LOAD Obj_R2_MT9700_MTK/./monitor_ap/DRIVER/drvDDC2Bi.o
LOAD Obj_R2_MT9700_MTK/./monitor_ap/DRIVER/drvBDMA.o
LOAD Obj_R2_MT9700_MTK/./monitor_ap/DRIVER/drvUARTPIU.o
LOAD Obj_R2_MT9700_MTK/./monitor_ap/DRIVER/ms3DLUT.o
LOAD Obj_R2_MT9700_MTK/./monitor_ap/DRIVER/drv3DLUT_C.o
LOAD Obj_R2_MT9700_MTK/./monitor_ap/DRIVER/apiHDR.o
LOAD Obj_R2_MT9700_MTK/./monitor_ap/DRIVER/drvHDR.o
LOAD Obj_R2_MT9700_MTK/./monitor_ap/DRIVER/drvHDRCommon.o
LOAD Obj_R2_MT9700_MTK/./monitor_ap/DRIVER/drvHDRLUT.o
LOAD Obj_R2_MT9700_MTK/./monitor_ap/DRIVER/USB_Device/drvUSBDwld.o
LOAD Obj_R2_MT9700_MTK/./monitor_ap/DRIVER/USB_Device/ms_dma.o
LOAD Obj_R2_MT9700_MTK/./monitor_ap/DRIVER/USB_Device/ms_drc.o
LOAD Obj_R2_MT9700_MTK/./monitor_ap/DRIVER/USB_Device/ms_function.o
LOAD Obj_R2_MT9700_MTK/./monitor_ap/DRIVER/USB_Device/ms_hid.o
LOAD Obj_R2_MT9700_MTK/./monitor_ap/DRIVER/USB_Device/ms_msd_global.o
LOAD Obj_R2_MT9700_MTK/./monitor_ap/DRIVER/USB_Device/ms_otg.o
LOAD Obj_R2_MT9700_MTK/./monitor_ap/DRIVER/USB_Device/ms_usb.o
LOAD Obj_R2_MT9700_MTK/./monitor_ap/DRIVER/USB_Device/msd_fn_scsi.o
LOAD Obj_R2_MT9700_MTK/./monitor_ap/DRIVER/USB_Device/msd_fn_xfer.o
LOAD Obj_R2_MT9700_MTK/./monitor_ap/DRIVER/USB_Host/source/usb_host_p1/drvHost200.o
LOAD Obj_R2_MT9700_MTK/./monitor_ap/DRIVER/USB_Host/source/usb_host_p1/drvUsbHostLib.o
LOAD Obj_R2_MT9700_MTK/./monitor_ap/DRIVER/USB_Host/source/usb_host_p1/drvHostLib.o
LOAD Obj_R2_MT9700_MTK/./monitor_ap/DRIVER/USB_Host/source/usb_host_p1/drvMassStorage.o
LOAD Obj_R2_MT9700_MTK/./monitor_ap/DRIVER/USB_Host/source/usb_host_p1/drvScsi.o
LOAD Obj_R2_MT9700_MTK/./monitor_ap/DRIVER/USB_Host/source/usb_host_p1/drvUsbMain.o
LOAD Obj_R2_MT9700_MTK/./monitor_ap/EXTDEVICE/TouchPanel.o
LOAD Obj_R2_MT9700_MTK/./monitor_ap/EXTDEVICE/TouchKey.o
LOAD Obj_R2_MT9700_MTK/./monitor_ap/EXTDEVICE/USB.o
LOAD Obj_R2_MT9700_MTK/./monitor_ap/KERNEL/SCALER/LoadPropFont1218.o
LOAD Obj_R2_MT9700_MTK/./monitor_ap/KERNEL/SCALER/drvGPIO.o
LOAD Obj_R2_MT9700_MTK/./monitor_ap/KERNEL/SCALER/mStar.o
LOAD Obj_R2_MT9700_MTK/./monitor_ap/KERNEL/SCALER/detect.o
LOAD Obj_R2_MT9700_MTK/./monitor_ap/KERNEL/SCALER/Adjust.o
LOAD Obj_R2_MT9700_MTK/./monitor_ap/KERNEL/SCALER/DDC.o
LOAD Obj_R2_MT9700_MTK/./monitor_ap/KERNEL/SCALER/msMenuload.o
LOAD Obj_R2_MT9700_MTK/./monitor_ap/KERNEL/SCALER/AutoFunc.o
LOAD Obj_R2_MT9700_MTK/./monitor_ap/KERNEL/SCALER/drvOSD.o
LOAD Obj_R2_MT9700_MTK/./monitor_ap/KERNEL/SCALER/AutoGamma.o
LOAD Obj_R2_MT9700_MTK/./monitor_ap/KERNEL/SCALER/drvADC.o
LOAD Obj_R2_MT9700_MTK/./monitor_ap/KERNEL/SCALER/msOVD.o
LOAD Obj_R2_MT9700_MTK/./monitor_ap/KERNEL/SCALER/Ms_PM.o
LOAD Obj_R2_MT9700_MTK/./monitor_ap/KERNEL/SCALER/Gamma.o
LOAD Obj_R2_MT9700_MTK/./monitor_ap/KERNEL/SCALER/msDPS_Handler.o
LOAD Obj_R2_MT9700_MTK/./monitor_ap/KERNEL/SCALER/msDPS_Setting.o
LOAD Obj_R2_MT9700_MTK/./monitor_ap/KERNEL/SCALER/apiCEC.o
LOAD Obj_R2_MT9700_MTK/./monitor_ap/KERNEL/SCALER/MsDLC.o
LOAD Obj_R2_MT9700_MTK/./monitor_ap/KERNEL/SCALER/msLD_Handler.o
LOAD Obj_R2_MT9700_MTK/./monitor_ap/KERNEL/SCALER/ComboApp.o
LOAD Obj_R2_MT9700_MTK/./monitor_ap/DRIVER/9700/mhal_DPRx.o
LOAD Obj_R2_MT9700_MTK/./monitor_ap/DRIVER/9700/mhal_DPRx_phy.o
LOAD Obj_R2_MT9700_MTK/./monitor_ap/DRIVER/9700/mdrv_DPRx.o
LOAD Obj_R2_MT9700_MTK/./monitor_ap/DRIVER/9700/mapi_DPRx.o
LOAD Obj_R2_MT9700_MTK/./monitor_ap/DRIVER/9700/system_eDPTx.o
LOAD Obj_R2_MT9700_MTK/./monitor_ap/DRIVER/9700/mapi_eDPTx.o
LOAD Obj_R2_MT9700_MTK/./monitor_ap/DRIVER/9700/mdrv_eDPTx.o
LOAD Obj_R2_MT9700_MTK/./monitor_ap/DRIVER/9700/mhal_eDPTx.o
LOAD Obj_R2_MT9700_MTK/./monitor_ap/DRIVER/9700/mhal_hdmiRx.o
LOAD Obj_R2_MT9700_MTK/./monitor_ap/DRIVER/9700/mdrv_hdmiRx.o
LOAD Obj_R2_MT9700_MTK/./monitor_ap/DRIVER/9700/HDCP22/HdcpHandler.o
LOAD Obj_R2_MT9700_MTK/./monitor_ap/DRIVER/9700/HDCP22/HdcpLog.o
LOAD Obj_R2_MT9700_MTK/./monitor_ap/DRIVER/9700/HDCP22/HdcpMbx.o
LOAD Obj_R2_MT9700_MTK/./monitor_ap/DRIVER/9700/HDCP22/HdcpMsgPool.o
LOAD Obj_R2_MT9700_MTK/./monitor_ap/DRIVER/9700/HDCP22/HdcpRx.o
LOAD Obj_R2_MT9700_MTK/./monitor_ap/DRIVER/9700/HDCP22/HdcpTx.o
LOAD Obj_R2_MT9700_MTK/./monitor_ap/DRIVER/9700/HDCP22/drv_Hdcp_IMI.o
LOAD Obj_R2_MT9700_MTK/./monitor_ap/KERNEL/SCALER/msACE.o
LOAD Obj_R2_MT9700_MTK/./monitor_ap/KERNEL/SCALER/dri_table_gen.o
LOAD Obj_R2_MT9700_MTK/./monitor_ap/KERNEL/SYSTEM/isr.o
LOAD Obj_R2_MT9700_MTK/./monitor_ap/KERNEL/SYSTEM/Common.o
LOAD Obj_R2_MT9700_MTK/./monitor_ap/KERNEL/SYSTEM/Global.o
LOAD Obj_R2_MT9700_MTK/./monitor_ap/KERNEL/SYSTEM/main.o
LOAD Obj_R2_MT9700_MTK/./monitor_ap/KERNEL/SYSTEM/mcu.o
LOAD Obj_R2_MT9700_MTK/./monitor_ap/KERNEL/SYSTEM/misc.o
LOAD Obj_R2_MT9700_MTK/./monitor_ap/KERNEL/SYSTEM/NVRam.o
LOAD Obj_R2_MT9700_MTK/./monitor_ap/KERNEL/SYSTEM/power.o
LOAD Obj_R2_MT9700_MTK/./monitor_ap/KERNEL/SYSTEM/DDC2Bi.o
LOAD Obj_R2_MT9700_MTK/./monitor_ap/KERNEL/SYSTEM/i2c.o
LOAD Obj_R2_MT9700_MTK/./monitor_ap/KERNEL/SYSTEM/DDCColorHandler.o
LOAD Obj_R2_MT9700_MTK/./monitor_ap/KERNEL/SYSTEM/DDCMCCSMSCHandler.o
LOAD Obj_R2_MT9700_MTK/./monitor_ap/KERNEL/SYSTEM/mailbox.o
LOAD Obj_R2_MT9700_MTK/./monitor_ap/KERNEL/SYSTEM/usbsw.o
LOAD Obj_R2_MT9700_MTK/./monitor_ap/KERNEL/SYSTEM/mode.o
LOAD Obj_R2_MT9700_MTK/./monitor_ap/KERNEL/SYSTEM/hwi2c.o
LOAD Obj_R2_MT9700_MTK/./monitor_ap/KERNEL/SYSTEM/mspi_flash.o
LOAD Obj_R2_MT9700_MTK/./monitor_ap/KERNEL/SYSTEM/Debug.o
LOAD Obj_R2_MT9700_MTK/./monitor_ap/KERNEL/SYSTEM/msAPI_MSBHK.o
LOAD Obj_R2_MT9700_MTK/./monitor_ap/KERNEL/SYSTEM/COLOR_VERIFY.o
LOAD Obj_R2_MT9700_MTK/./monitor_ap/KERNEL/SYSTEM/MsFlash.o
LOAD Obj_R2_MT9700_MTK/./monitor_ap/KERNEL/SYSTEM/PDUpdate.o
LOAD Obj_R2_MT9700_MTK/./monitor_ap/KERNEL/SYSTEM/PDUpdateReserved.o
LOAD Obj_R2_MT9700_MTK/./monitor_ap/CUSTOM/MTK/UI/menu.o
LOAD Obj_R2_MT9700_MTK/./monitor_ap/CUSTOM/MTK/UI/msOSD.o
LOAD Obj_R2_MT9700_MTK/./monitor_ap/CUSTOM/MTK/UI/MenuStrProp.o
LOAD Obj_R2_MT9700_MTK/./monitor_ap/CUSTOM/MTK/UI/MenuFunc.o
LOAD Obj_R2_MT9700_MTK/./monitor_ap/CUSTOM/MTK/UI/MenuStr.o
LOAD Obj_R2_MT9700_MTK/./monitor_ap/CUSTOM/MTK/UI/MenuStrFunc.o
LOAD Obj_R2_MT9700_MTK/./monitor_ap/CUSTOM/MTK/UI/ColorPalette.o
LOAD Obj_R2_MT9700_MTK/./monitor_ap/CUSTOM/MTK/UI/LoadCommonFont.o
LOAD Obj_R2_MT9700_MTK/./monitor_ap/CUSTOM/MTK/UI/Keypad.o
LOAD Obj_R2_MT9700_MTK/./monitor_ap/CUSTOM/MTK/USERDATA/UserPref.o
LOAD Obj_R2_MT9700_MTK/./monitor_ap/CUSTOM/MTK/USERFUNC/CustomCbAPI.o
LOAD Obj_R2_MT9700_MTK/./monitor_ap/CUSTOM/MTK/USERFUNC/CustomEDID.o
LOAD Obj_R2_MT9700_MTK/./monitor_ap/CUSTOM/MTK/USERFUNC/CustomFunc.o
LOAD Obj_R2_MT9700_MTK/./core/driver/sys/MST9U/SysInit.o
LOAD Obj_R2_MT9700_MTK/./core/driver/sys/MST9U/drvUartDebug.o
LOAD Obj_R2_MT9700_MTK/./core/driver/sys/MST9U/drvISR.o
LOAD Obj_R2_MT9700_MTK/./core/driver/sys/MST9U/drvPadConf.o
LOAD Obj_R2_MT9700_MTK/./core/driver/sys/MST9U/drvInit.o
LOAD Obj_R2_MT9700_MTK/./core/util/util_symbol.o
LOAD Obj_R2_MT9700_MTK/./core/util/uartdebug.o
LOAD Obj_R2_MT9700_MTK/./core/api/utl/Utl.o
LOAD Obj_R2_MT9700_MTK/./core/api/msAPI_Memory.o
LOAD Obj_R2_MT9700_MTK/./core/api/IOUtil.o
LOAD Obj_R2_MT9700_MTK/./core/api/msAPI_Timer.o
LOAD Obj_R2_MT9700_MTK/./core/api/msAPI_FS_SysInfo.o
LOAD Obj_R2_MT9700_MTK/./core/api/n51fs/msAPI_FCtrl.o
LOAD Obj_R2_MT9700_MTK/./core/api/n51fs/msAPI_FAT.o
LOAD Obj_R2_MT9700_MTK/./core/api/n51fs/FAT_Cache.o
LOAD Obj_R2_MT9700_MTK/./core/api/n51fs/FSUtil.o
LOAD Obj_R2_MT9700_MTK/./core/api/n51fs/msAPI_MSDCtrl.o
LOAD Obj_R2_MT9700_MTK/./core/api/n51fs/msAPI_FSEnv.o
LOAD Obj_R2_MT9700_MTK/./core/api/n51fs/msAPI_N51FS.o
LOAD Obj_R2_MT9700_MTK/./core/api/n51fs/N51FS_File.o
LOAD Obj_R2_MT9700_MTK/./core/api/n51fs/N51FS_Index.o
LOAD Obj_R2_MT9700_MTK/./core/api/n51fs/N51FS_Bitmap.o
LOAD Obj_R2_MT9700_MTK/./core/app/mw_usbdownload.o
LOAD Obj_R2_MT9700_MTK/./core/app/MApp_SwUpdate.o
LOAD Obj_R2_MT9700_MTK/./core/app/MApp_USBDownload.o
LOAD Obj_R2_MT9700_MTK/./project/image/default/InfoBlock.o
LOAD Obj_R2_MT9700_MTK/./project/image/imginfo.o
LOAD core/drv_bsp/MST9U_nos_r2/lib/libdrvIRQ.a
LOAD core/drv_bsp/MST9U_nos_r2/lib/libnos.a
LOAD core/drv_bsp/MST9U_nos_r2/lib/libdrvCPU.a
LOAD core/drv_bsp/MST9U_nos_r2/lib/libdrvUART.a
LOAD core/drv_bsp/MST9U_nos_r2/lib/libdrvMMIO.a
LOAD ./monitor_ap/LIB/Common.lib
END GROUP
LOAD ./core/lib/MST9U/libprana_MST9U.a
LOAD /opt/aeon/lib/gcc/aeon/4.1.2/../../../../aeon/lib/aeonR2/el/libc.a
LOAD /opt/aeon/lib/gcc/aeon/4.1.2/aeonR2/el/libgcc.a
LOAD /opt/aeon/lib/gcc/aeon/4.1.2/../../../../aeon/lib/aeonR2/el/libm.a
                0x00009c40                KERNEL_POOL_SIZE = 0x9c40
                0x00000000                RAM_START = 0x0
                0x00200000                RAM_SIZE = 0x200000

.vectors        0x00000000      0xf00
                0x00000000                . = .
 *(.reset)
 .reset         0x00000000      0x19f ./core/lib/MST9U/libprana_MST9U.a(reset.o)
                0x00000100                __reset
 *(.vectors)
 *fill*         0x0000019f       0x61 00
 .vectors       0x00000200      0xd00 ./core/lib/MST9U/libprana_MST9U.a(vectors.o)
                0x00000200                __exception_bus_error
                0x00000400                __exception_instruction_page_fault
                0x00000700                __exception_illegal_instruction
                0x00000600                __exception_unaligned_access
                0x00000900                __exception_dtlb_miss
                0x00000a00                __exception_itlb_miss
                0x00000e00                __exception_trap
                0x00000500                __exception_tick_timer
                0x00000c00                __exception_syscall
                0x00000d00                __exception_reserved
                0x00000b00                __exception_range
                0x00000800                __exception_external_interrupt
                0x00000300                __exception_data_page_fault

.interp
 *(.interp)

.hash
 *(.hash)

.dynsym
 *(.dynsym)

.dynstr
 *(.dynstr)

.gnu.version
 *(.gnu.version)

.gnu.version_d
 *(.gnu.version_d)

.gnu.version_r
 *(.gnu.version_r)

.plt
 *(.plt)

.rel.text
 *(.rel.text)
 *(.rel.text.*)
 *(.rel.gnu.linkonce.t*)

.rela.text
 *(.rela.text)
 *(.rela.text.*)
 *(.rela.gnu.linkonce.t*)

.rel.data
 *(.rel.data)
 *(.rel.data.*)
 *(.rel.gnu.linkonce.d*)

.rela.data
 *(.rela.data)
 *(.rela.data.*)
 *(.rela.gnu.linkonce.d*)

.rel.rodata
 *(.rel.rodata)
 *(.rel.rodata.*)
 *(.rel.gnu.linkonce.r*)

.rela.rodata
 *(.rela.rodata)
 *(.rela.rodata.*)
 *(.rela.gnu.linkonce.r*)

.rel.got
 *(.rel.got)

.rela.got
 *(.rela.got)

.rel.ctors
 *(.rel.ctors)

.rela.ctors
 *(.rela.ctors)

.rel.dtors
 *(.rel.dtors)

.rela.dtors
 *(.rela.dtors)

.rel.init
 *(.rel.init)

.rela.init
 *(.rela.init)

.rel.fini
 *(.rel.fini)

.rela.fini
 *(.rela.fini)

.rel.bss
 *(.rel.bss)

.rela.bss
 *(.rela.bss)

.rel.plt
 *(.rel.plt)

.rela.plt
 *(.rela.plt)

.rel.dyn
 *(.rel.dyn)

.prog_img_info  0x00001100       0x50
                0x00001100                prog_img_info = .
 *(.prog_img_info)
 .prog_img_info
                0x00001100       0x50 Obj_R2_MT9700_MTK/./project/image/imginfo.o
                0x00001100                _g_ImgInfo

.cmp_img_info   0x00001200       0x18
                0x00001200                cmp_img_info = .
 *(.cmp_img_info)
 .cmp_img_info  0x00001200       0x18 Obj_R2_MT9700_MTK/./core/driver/sys/MST9U/SysInit.o
                0x00001200                _g_cmpInfo

.img_info       0x00002000       0x24
                0x00002000                img_info = .
 *(.img_info)
 .img_info      0x00002000       0x24 Obj_R2_MT9700_MTK/./project/image/default/InfoBlock.o
                0x00002000                _BinaryInfoBlock

.boot_data      0x00002100        0x0
                0x00002100                . = .
 *(.boot_data)
                0x00004000                . = ALIGN (0x2000)
                0x00004000                __readonly_start = .

.init           0x00004000        0x0
                0x00004000                . = .
 *(.init)

.fini           0x00004000        0x0
                0x00004000                . = .
 *(.fini)

.text           0x00004000    0x4869b
                0x00004000                __stext = .
 *(.boot_from_spi_start.*)
 *(.text*)
 .text.scReadByte
                0x00004000       0x25 Obj_R2_MT9700_MTK/./monitor_ap/KERNEL/SCALER/ms_rwreg.o
                0x00004000                _scReadByte
 .text.msReadByte
                0x00004025       0x6c Obj_R2_MT9700_MTK/./monitor_ap/KERNEL/SCALER/ms_rwreg.o
                0x00004025                _msReadByte
 .text.msWriteByte
                0x00004091       0x66 Obj_R2_MT9700_MTK/./monitor_ap/KERNEL/SCALER/ms_rwreg.o
                0x00004091                _msWriteByte
 .text.msWriteBit
                0x000040f7       0x3f Obj_R2_MT9700_MTK/./monitor_ap/KERNEL/SCALER/ms_rwreg.o
                0x000040f7                _msWriteBit
 .text.msRead2Byte
                0x00004136       0x31 Obj_R2_MT9700_MTK/./monitor_ap/KERNEL/SCALER/ms_rwreg.o
                0x00004136                _msRead2Byte
 .text.msWrite2Byte
                0x00004167       0x2b Obj_R2_MT9700_MTK/./monitor_ap/KERNEL/SCALER/ms_rwreg.o
                0x00004167                _msWrite2Byte
 .text.msWriteByteMask
                0x00004192       0x3c Obj_R2_MT9700_MTK/./monitor_ap/KERNEL/SCALER/ms_rwreg.o
                0x00004192                _msWriteByteMask
 .text.msWrite2ByteMask
                0x000041ce       0x3a Obj_R2_MT9700_MTK/./monitor_ap/KERNEL/SCALER/ms_rwreg.o
                0x000041ce                _msWrite2ByteMask
 .text.msWrite3Byte
                0x00004208       0x3b Obj_R2_MT9700_MTK/./monitor_ap/KERNEL/SCALER/ms_rwreg.o
                0x00004208                _msWrite3Byte
 .text.msWrite3ByteMask
                0x00004243       0x53 Obj_R2_MT9700_MTK/./monitor_ap/KERNEL/SCALER/ms_rwreg.o
                0x00004243                _msWrite3ByteMask
 .text.msRead4Byte
                0x00004296       0x5a Obj_R2_MT9700_MTK/./monitor_ap/KERNEL/SCALER/ms_rwreg.o
                0x00004296                _msRead4Byte
 .text.msWrite4Byte
                0x000042f0       0x45 Obj_R2_MT9700_MTK/./monitor_ap/KERNEL/SCALER/ms_rwreg.o
                0x000042f0                _msWrite4Byte
 .text.old_msReadByte
                0x00004335       0x12 Obj_R2_MT9700_MTK/./monitor_ap/KERNEL/SCALER/ms_rwreg.o
                0x00004335                _old_msReadByte
 .text.old_msWriteByte
                0x00004347       0x10 Obj_R2_MT9700_MTK/./monitor_ap/KERNEL/SCALER/ms_rwreg.o
                0x00004347                _old_msWriteByte
 .text.old_msWriteBit
                0x00004357       0x10 Obj_R2_MT9700_MTK/./monitor_ap/KERNEL/SCALER/ms_rwreg.o
                0x00004357                _old_msWriteBit
 .text.old_msWrite2Byte
                0x00004367       0x10 Obj_R2_MT9700_MTK/./monitor_ap/KERNEL/SCALER/ms_rwreg.o
                0x00004367                _old_msWrite2Byte
 .text.old_msWrite2ByteMask
                0x00004377       0x10 Obj_R2_MT9700_MTK/./monitor_ap/KERNEL/SCALER/ms_rwreg.o
                0x00004377                _old_msWrite2ByteMask
 .text.old_msWriteByteMask
                0x00004387       0x10 Obj_R2_MT9700_MTK/./monitor_ap/KERNEL/SCALER/ms_rwreg.o
                0x00004387                _old_msWriteByteMask
 .text.mdrv_Adjust_EnableNonStdCSC_Get
                0x00004397        0xa Obj_R2_MT9700_MTK/./monitor_ap/DRIVER/9700/drvAdjust.o
                0x00004397                _mdrv_Adjust_EnableNonStdCSC_Get
 .text.msDrvColorMatrixEnable
                0x000043a1       0x5c Obj_R2_MT9700_MTK/./monitor_ap/DRIVER/9700/drvAdjust.o
                0x000043a1                _msDrvColorMatrixEnable
 .text.msDrvGammaEnable
                0x000043fd       0x9a Obj_R2_MT9700_MTK/./monitor_ap/DRIVER/9700/drvAdjust.o
                0x000043fd                _msDrvGammaEnable
 .text.msDrvFixGammaEnable
                0x00004497       0x45 Obj_R2_MT9700_MTK/./monitor_ap/DRIVER/9700/drvAdjust.o
                0x00004497                _msDrvFixGammaEnable
 .text.msDrvDeGammaEnable
                0x000044dc       0x45 Obj_R2_MT9700_MTK/./monitor_ap/DRIVER/9700/drvAdjust.o
                0x000044dc                _msDrvDeGammaEnable
 .text.msDrvWinReportSetRange
                0x00004521       0x55 Obj_R2_MT9700_MTK/./monitor_ap/DRIVER/9700/drvAdjust.o
                0x00004521                _msDrvWinReportSetRange
 .text.msDrv_SetColorModeDemo
                0x00004576      0x102 Obj_R2_MT9700_MTK/./monitor_ap/DRIVER/9700/drvAdjust.o
                0x00004576                _msDrv_SetColorModeDemo
 .text.msDrv_InitalSRSetting
                0x00004678       0x2d Obj_R2_MT9700_MTK/./monitor_ap/DRIVER/9700/drvAdjust.o
                0x00004678                _msDrv_InitalSRSetting
 .text.msDrvDisplayWindowEnable
                0x000046a5       0x97 Obj_R2_MT9700_MTK/./monitor_ap/DRIVER/9700/drvAdjust.o
                0x000046a5                _msDrvDisplayWindowEnable
 .text.msDrvWinReportEnable
                0x0000473c       0x16 Obj_R2_MT9700_MTK/./monitor_ap/DRIVER/9700/drvAdjust.o
                0x0000473c                _msDrvWinReportEnable
 .text.msDrvCustomBriEnable
                0x00004752       0x31 Obj_R2_MT9700_MTK/./monitor_ap/DRIVER/9700/drvAdjust.o
                0x00004752                _msDrvCustomBriEnable
 .text.msDrvCustomSatEnable
                0x00004783       0x31 Obj_R2_MT9700_MTK/./monitor_ap/DRIVER/9700/drvAdjust.o
                0x00004783                _msDrvCustomSatEnable
 .text.msDrvCustomHueEnable
                0x000047b4       0x2f Obj_R2_MT9700_MTK/./monitor_ap/DRIVER/9700/drvAdjust.o
                0x000047b4                _msDrvCustomHueEnable
 .text.msDrv_VideoHueSaturation
                0x000047e3       0xaf Obj_R2_MT9700_MTK/./monitor_ap/DRIVER/9700/drvAdjust.o
                0x000047e3                _msDrv_VideoHueSaturation
 .text.msDrvAdjustCustomBri
                0x00004892       0x13 Obj_R2_MT9700_MTK/./monitor_ap/DRIVER/9700/drvAdjust.o
                0x00004892                _msDrvAdjustCustomBri
 .text.msDrvAdjustCustomSat
                0x000048a5       0x13 Obj_R2_MT9700_MTK/./monitor_ap/DRIVER/9700/drvAdjust.o
                0x000048a5                _msDrvAdjustCustomSat
 .text.msDrvAdjustCustomHue
                0x000048b8       0x13 Obj_R2_MT9700_MTK/./monitor_ap/DRIVER/9700/drvAdjust.o
                0x000048b8                _msDrvAdjustCustomHue
 .text.msDrv_SuperResolutionOnOff
                0x000048cb       0xe7 Obj_R2_MT9700_MTK/./monitor_ap/DRIVER/9700/drvAdjust.o
                0x000048cb                _msDrv_SuperResolutionOnOff
 .text.msDrv_SetupSuperResolution
                0x000049b2      0x18d Obj_R2_MT9700_MTK/./monitor_ap/DRIVER/9700/drvAdjust.o
                0x000049b2                _msDrv_SetupSuperResolution
 .text.msDrvWinReportGetWeightingPixelCountBySetRange
                0x00004b3f       0xda Obj_R2_MT9700_MTK/./monitor_ap/DRIVER/9700/drvAdjust.o
                0x00004b3f                _msDrvWinReportGetWeightingPixelCountBySetRange
 .text.WritePostComprssGamma2Dram
                0x00004c19       0xd1 Obj_R2_MT9700_MTK/./monitor_ap/DRIVER/9700/drvAdjust.o
                0x00004c19                _WritePostComprssGamma2Dram
 .text.WritePostComprssGamma2Dramby76Bytes
                0x00004cea      0x118 Obj_R2_MT9700_MTK/./monitor_ap/DRIVER/9700/drvAdjust.o
                0x00004cea                _WritePostComprssGamma2Dramby76Bytes
 .text.msDrvGammaLoadTbl_256E_14B_76Bytes
                0x00004e02       0x35 Obj_R2_MT9700_MTK/./monitor_ap/DRIVER/9700/drvAdjust.o
                0x00004e02                _msDrvGammaLoadTbl_256E_14B_76Bytes
 .text.msDrvGammaLoadTbl_256E_14B
                0x00004e37       0x35 Obj_R2_MT9700_MTK/./monitor_ap/DRIVER/9700/drvAdjust.o
                0x00004e37                _msDrvGammaLoadTbl_256E_14B
 .text.msDrvDeGammaWriteTbl
                0x00004e6c       0x37 Obj_R2_MT9700_MTK/./monitor_ap/DRIVER/9700/drvAdjust.o
                0x00004e6c                _msDrvDeGammaWriteTbl
 .text.mStar_AdjustUserPrefBlacklevel
                0x00004ea3       0x40 Obj_R2_MT9700_MTK/./monitor_ap/DRIVER/9700/drvAdjust.o
                0x00004ea3                _mStar_AdjustUserPrefBlacklevel
 .text.mcuGetMcuSpeed
                0x00004ee3        0xa Obj_R2_MT9700_MTK/./monitor_ap/DRIVER/9700/drvMcu.o
                0x00004ee3                _mcuGetMcuSpeed
 .text.msDrvMcuTrigIntToPD51
                0x00004eed       0x18 Obj_R2_MT9700_MTK/./monitor_ap/DRIVER/9700/drvMcu.o
                0x00004eed                _msDrvMcuTrigIntToPD51
 .text.msDrvMcuTrigIntToSECUR2
                0x00004f05       0x21 Obj_R2_MT9700_MTK/./monitor_ap/DRIVER/9700/drvMcu.o
                0x00004f05                _msDrvMcuTrigIntToSECUR2
 .text.mcuGetSpiMode
                0x00004f26       0x40 Obj_R2_MT9700_MTK/./monitor_ap/DRIVER/9700/drvMcu.o
                0x00004f26                _mcuGetSpiMode
 .text.DelayUs  0x00004f66        0x4 Obj_R2_MT9700_MTK/./monitor_ap/DRIVER/9700/drvMcu.o
                0x00004f66                _DelayUs
 .text.mcuInitXdataMapToDRAM
                0x00004f6a       0x42 Obj_R2_MT9700_MTK/./monitor_ap/DRIVER/9700/drvMcu.o
                0x00004f6a                _mcuInitXdataMapToDRAM
 .text.mcuSetUartMux
                0x00004fac       0x7a Obj_R2_MT9700_MTK/./monitor_ap/DRIVER/9700/drvMcu.o
                0x00004fac                _mcuSetUartMux
 .text.Init_WDT
                0x00005026       0x49 Obj_R2_MT9700_MTK/./monitor_ap/DRIVER/9700/drvMcu.o
                0x00005026                _Init_WDT
 .text.mcuSetCPUClock
                0x0000506f       0x5e Obj_R2_MT9700_MTK/./monitor_ap/DRIVER/9700/drvMcu.o
                0x0000506f                _mcuSetCPUClock
 .text.mcuSetSlowClkSpeed
                0x000050cd       0xa9 Obj_R2_MT9700_MTK/./monitor_ap/DRIVER/9700/drvMcu.o
                0x000050cd                _mcuSetSlowClkSpeed
 .text.mcuSetMcuSpeed
                0x00005176      0x108 Obj_R2_MT9700_MTK/./monitor_ap/DRIVER/9700/drvMcu.o
                0x00005176                _mcuSetMcuSpeed
 .text.mcuSetSpiSpeed
                0x0000527e       0x53 Obj_R2_MT9700_MTK/./monitor_ap/DRIVER/9700/drvMcu.o
                0x0000527e                _mcuSetSpiSpeed
 .text.SetSPI_Quad_En
                0x000052d1       0xe5 Obj_R2_MT9700_MTK/./monitor_ap/DRIVER/9700/drvMcu.o
                0x000052d1                _SetSPI_Quad_En
 .text.mcuSetSpiMode
                0x000053b6       0xe1 Obj_R2_MT9700_MTK/./monitor_ap/DRIVER/9700/drvMcu.o
                0x000053b6                _mcuSetSpiMode
 .text.mcuSetSystemSpeed
                0x00005497      0x117 Obj_R2_MT9700_MTK/./monitor_ap/DRIVER/9700/drvMcu.o
                0x00005497                _mcuSetSystemSpeed
 .text.mStar_SetupPathInit
                0x000055ae       0x53 Obj_R2_MT9700_MTK/./monitor_ap/DRIVER/9700/msScaler.o
                0x000055ae                _mStar_SetupPathInit
 .text.msMRWDataFormat
                0x00005601       0xf9 Obj_R2_MT9700_MTK/./monitor_ap/DRIVER/9700/msScaler.o
 .text.msHSPDataFormat
                0x000056fa       0x6c Obj_R2_MT9700_MTK/./monitor_ap/DRIVER/9700/msScaler.o
 .text.mStar_SetHScalingFilter
                0x00005766       0x6f Obj_R2_MT9700_MTK/./monitor_ap/DRIVER/9700/msScaler.o
 .text.mStar_SetVScalingFilter
                0x000057d5      0x135 Obj_R2_MT9700_MTK/./monitor_ap/DRIVER/9700/msScaler.o
 .text.msVSPDataFormat
                0x0000590a       0xd5 Obj_R2_MT9700_MTK/./monitor_ap/DRIVER/9700/msScaler.o
 .text.mStar_SetScalingFilter
                0x000059df       0xb0 Obj_R2_MT9700_MTK/./monitor_ap/DRIVER/9700/msScaler.o
                0x000059df                _mStar_SetScalingFilter
 .text.msSetupPathVSP
                0x00005a8f      0x2e9 Obj_R2_MT9700_MTK/./monitor_ap/DRIVER/9700/msScaler.o
 .text.msSetupPathRSP
                0x00005d78       0x37 Obj_R2_MT9700_MTK/./monitor_ap/DRIVER/9700/msScaler.o
 .text.msSetupPathMRW
                0x00005daf      0x652 Obj_R2_MT9700_MTK/./monitor_ap/DRIVER/9700/msScaler.o
 .text.mStar_SetScalingFactor
                0x00006401      0x3c0 Obj_R2_MT9700_MTK/./monitor_ap/DRIVER/9700/msScaler.o
                0x00006401                _mStar_SetScalingFactor
 .text.mStar_SetupPath
                0x000067c1     0x1178 Obj_R2_MT9700_MTK/./monitor_ap/DRIVER/9700/msScaler.o
                0x000067c1                _mStar_SetupPath
 .text.mStar_DrvOutputHttAlign
                0x00007939       0x6d Obj_R2_MT9700_MTK/./monitor_ap/DRIVER/9700/appmStar.o
                0x00007939                _mStar_DrvOutputHttAlign
 .text.appmStar_CbAttach
                0x000079a6       0x12 Obj_R2_MT9700_MTK/./monitor_ap/DRIVER/9700/appmStar.o
                0x000079a6                _appmStar_CbAttach
 .text.appmStar_CbGetInitFlag
                0x000079b8        0xa Obj_R2_MT9700_MTK/./monitor_ap/DRIVER/9700/appmStar.o
                0x000079b8                _appmStar_CbGetInitFlag
 .text.appmStar_CbSetInitFlag
                0x000079c2        0xa Obj_R2_MT9700_MTK/./monitor_ap/DRIVER/9700/appmStar.o
                0x000079c2                _appmStar_CbSetInitFlag
 .text.mSTar_GetInputHTotal
                0x000079cc       0x59 Obj_R2_MT9700_MTK/./monitor_ap/DRIVER/9700/appmStar.o
                0x000079cc                _mSTar_GetInputHTotal
 .text.mStar_GetOutputHTotalTolFBL
                0x00007a25      0x15e Obj_R2_MT9700_MTK/./monitor_ap/DRIVER/9700/appmStar.o
                0x00007a25                _mStar_GetOutputHTotalTolFBL
 .text.appmStar_SetPanelTiming
                0x00007b83      0xc01 Obj_R2_MT9700_MTK/./monitor_ap/DRIVER/9700/appmStar.o
                0x00007b83                _appmStar_SetPanelTiming
 .text.GetVfreq
                0x00008784       0xb9 Obj_R2_MT9700_MTK/./monitor_ap/DRIVER/9700/drvmStar.o
                0x00008784                _GetVfreq
 .text.msDrvMapInputToCombo
                0x0000883d       0x1b Obj_R2_MT9700_MTK/./monitor_ap/DRIVER/9700/drvmStar.o
                0x0000883d                _msDrvMapInputToCombo
 .text.msDrvMapComboToPortIndex
                0x00008858       0x1b Obj_R2_MT9700_MTK/./monitor_ap/DRIVER/9700/drvmStar.o
                0x00008858                _msDrvMapComboToPortIndex
 .text.msDrvMODSwingConfig
                0x00008873       0x30 Obj_R2_MT9700_MTK/./monitor_ap/DRIVER/9700/drvmStar.o
                0x00008873                _msDrvMODSwingConfig
 .text.msDrvCheckVBY1LockN
                0x000088a3      0x120 Obj_R2_MT9700_MTK/./monitor_ap/DRIVER/9700/drvmStar.o
                0x000088a3                _msDrvCheckVBY1LockN
 .text.msInitClockGating
                0x000089c3      0x10b Obj_R2_MT9700_MTK/./monitor_ap/DRIVER/9700/drvmStar.o
                0x000089c3                _msInitClockGating
 .text.msSetFrameSyncMode
                0x00008ace      0x251 Obj_R2_MT9700_MTK/./monitor_ap/DRIVER/9700/drvmStar.o
                0x00008ace                _msSetFrameSyncMode
 .text.mStar_SetTimingGen
                0x00008d1f      0x37c Obj_R2_MT9700_MTK/./monitor_ap/DRIVER/9700/drvmStar.o
                0x00008d1f                _mStar_SetTimingGen
 .text.msDrvMODsettingForDivision
                0x0000909b      0x176 Obj_R2_MT9700_MTK/./monitor_ap/DRIVER/9700/drvmStar.o
                0x0000909b                _msDrvMODsettingForDivision
 .text.msDrvPowerModCtrl
                0x00009211      0x1d2 Obj_R2_MT9700_MTK/./monitor_ap/DRIVER/9700/drvmStar.o
                0x00009211                _msDrvPowerModCtrl
 .text.msDrvSyninpllInit
                0x000093e3       0x62 Obj_R2_MT9700_MTK/./monitor_ap/DRIVER/9700/drvmStar.o
                0x000093e3                _msDrvSyninpllInit
 .text.mStar_CheckFastClock
                0x00009445        0xc Obj_R2_MT9700_MTK/./monitor_ap/DRIVER/9700/drvmStar.o
                0x00009445                _mStar_CheckFastClock
 .text.msWritePowerOnTble
                0x00009451       0x35 Obj_R2_MT9700_MTK/./monitor_ap/DRIVER/9700/drvmStar.o
                0x00009451                _msWritePowerOnTble
 .text.drvmStar_SetupInputPort_VGA
                0x00009486       0x22 Obj_R2_MT9700_MTK/./monitor_ap/DRIVER/9700/drvmStar.o
                0x00009486                _drvmStar_SetupInputPort_VGA
 .text.msDrvSetIVS
                0x000094a8       0x73 Obj_R2_MT9700_MTK/./monitor_ap/DRIVER/9700/drvmStar.o
                0x000094a8                _msDrvSetIVS
 .text.msDrvSetFrameDivider
                0x0000951b      0x114 Obj_R2_MT9700_MTK/./monitor_ap/DRIVER/9700/drvmStar.o
                0x0000951b                _msDrvSetFrameDivider
 .text.msDrvOutputAutoHttAlign
                0x0000962f       0x63 Obj_R2_MT9700_MTK/./monitor_ap/DRIVER/9700/drvmStar.o
                0x0000962f                _msDrvOutputAutoHttAlign
 .text.drvmStar_TimingGenInit
                0x00009692      0x1e7 Obj_R2_MT9700_MTK/./monitor_ap/DRIVER/9700/drvmStar.o
                0x00009692                _drvmStar_TimingGenInit
 .text.msDrvMODBiasConCal
                0x00009879      0x1d1 Obj_R2_MT9700_MTK/./monitor_ap/DRIVER/9700/drvmStar.o
                0x00009879                _msDrvMODBiasConCal
 .text.msDrvSetDClkPLL
                0x00009a4a      0x67c Obj_R2_MT9700_MTK/./monitor_ap/DRIVER/9700/drvmStar.o
                0x00009a4a                _msDrvSetDClkPLL
 .text.drvmStar_SetupFreeRunMode
                0x0000a0c6       0xa6 Obj_R2_MT9700_MTK/./monitor_ap/DRIVER/9700/drvmStar.o
                0x0000a0c6                _drvmStar_SetupFreeRunMode
 .text.msDrvIGenTuning
                0x0000a16c      0x19d Obj_R2_MT9700_MTK/./monitor_ap/DRIVER/9700/drvmStar.o
                0x0000a16c                _msDrvIGenTuning
 .text.msDrvMODInit
                0x0000a309      0x328 Obj_R2_MT9700_MTK/./monitor_ap/DRIVER/9700/drvmStar.o
                0x0000a309                _msDrvMODInit
 .text.Init_USBXCVRRefTrim
                0x0000a631       0x5e Obj_R2_MT9700_MTK/./monitor_ap/DRIVER/9700/drvmStar.o
                0x0000a631                _Init_USBXCVRRefTrim
 .text.drvDVI_PowerCtrl
                0x0000a68f       0xf9 Obj_R2_MT9700_MTK/./monitor_ap/DRIVER/9700/drvmStar.o
                0x0000a68f                _drvDVI_PowerCtrl
 .text.mStar_IPPowerControl
                0x0000a788       0x52 Obj_R2_MT9700_MTK/./monitor_ap/DRIVER/9700/drvmStar.o
                0x0000a788                _mStar_IPPowerControl
 .text.mStar_SetPanelSSC
                0x0000a7da      0x1a3 Obj_R2_MT9700_MTK/./monitor_ap/DRIVER/9700/drvmStar.o
                0x0000a7da                _mStar_SetPanelSSC
 .text.mStar_InterlaceModeSetting
                0x0000a97d      0x2a6 Obj_R2_MT9700_MTK/./monitor_ap/DRIVER/9700/drvmStar.o
                0x0000a97d                _mStar_InterlaceModeSetting
 .text.drvmStar_Init
                0x0000ac23       0xb9 Obj_R2_MT9700_MTK/./monitor_ap/DRIVER/9700/drvmStar.o
                0x0000ac23                _drvmStar_Init
 .text.drvmStar_PnlTimingSet
                0x0000acdc       0x53 Obj_R2_MT9700_MTK/./monitor_ap/DRIVER/9700/drvmStar.o
                0x0000acdc                _drvmStar_PnlTimingSet
 .text.drvmStar_InitPnl
                0x0000ad2f      0x121 Obj_R2_MT9700_MTK/./monitor_ap/DRIVER/9700/drvmStar.o
                0x0000ad2f                _drvmStar_InitPnl
 .text.Init_FRORefTrim
                0x0000ae50       0x6e Obj_R2_MT9700_MTK/./monitor_ap/DRIVER/9700/drvmStar.o
                0x0000ae50                _Init_FRORefTrim
 .text.drvmsOverDriveAdjustWeighting
                0x0000aebe       0x10 Obj_R2_MT9700_MTK/./monitor_ap/DRIVER/9700/drvmsOVD.o
                0x0000aebe                _drvmsOverDriveAdjustWeighting
 .text.drvmsOverDriveWindow
                0x0000aece      0x13d Obj_R2_MT9700_MTK/./monitor_ap/DRIVER/9700/drvmsOVD.o
                0x0000aece                _drvmsOverDriveWindow
 .text.drvmsOverDriveOnOff
                0x0000b00b       0x1f Obj_R2_MT9700_MTK/./monitor_ap/DRIVER/9700/drvmsOVD.o
                0x0000b00b                _drvmsOverDriveOnOff
 .text.msDrvOverDriveMode
                0x0000b02a      0x2e6 Obj_R2_MT9700_MTK/./monitor_ap/DRIVER/9700/drvmsOVD.o
                0x0000b02a                _msDrvOverDriveMode
 .text.drvmsOverDriverInit
                0x0000b310       0x34 Obj_R2_MT9700_MTK/./monitor_ap/DRIVER/9700/drvmsOVD.o
                0x0000b310                _drvmsOverDriverInit
 .text.drvmsLoadODTable
                0x0000b344      0x1d6 Obj_R2_MT9700_MTK/./monitor_ap/DRIVER/9700/drvmsOVD.o
                0x0000b344                _drvmsLoadODTable
 .text.msAPI_AudioInitDone
                0x0000b51a        0xa Obj_R2_MT9700_MTK/./monitor_ap/DRIVER/9700/drvDAC.o
                0x0000b51a                _msAPI_AudioInitDone
 .text.msAPI_AudioI2SConfig
                0x0000b524       0x43 Obj_R2_MT9700_MTK/./monitor_ap/DRIVER/9700/drvDAC.o
                0x0000b524                _msAPI_AudioI2SConfig
 .text.msDrvAudioSetDpgaMute
                0x0000b567       0x66 Obj_R2_MT9700_MTK/./monitor_ap/DRIVER/9700/drvDAC.o
                0x0000b567                _msDrvAudioSetDpgaMute
 .text.msDrvDPGAMuteConfig
                0x0000b5cd        0xe Obj_R2_MT9700_MTK/./monitor_ap/DRIVER/9700/drvDAC.o
 .text.msAPI_AudioSetDpgaMute
                0x0000b5db       0x26 Obj_R2_MT9700_MTK/./monitor_ap/DRIVER/9700/drvDAC.o
                0x0000b5db                _msAPI_AudioSetDpgaMute
 .text.msAPI_AudioSineGen
                0x0000b601      0x13e Obj_R2_MT9700_MTK/./monitor_ap/DRIVER/9700/drvDAC.o
                0x0000b601                _msAPI_AudioSineGen
 .text.msDrvAudioSourceSel
                0x0000b73f       0x70 Obj_R2_MT9700_MTK/./monitor_ap/DRIVER/9700/drvDAC.o
                0x0000b73f                _msDrvAudioSourceSel
 .text.msAPI_AudioSourceSel
                0x0000b7af       0x50 Obj_R2_MT9700_MTK/./monitor_ap/DRIVER/9700/drvDAC.o
                0x0000b7af                _msAPI_AudioSourceSel
 .text.msDrvAudioDPGASetVolTrig
                0x0000b7ff       0x3a Obj_R2_MT9700_MTK/./monitor_ap/DRIVER/9700/drvDAC.o
 .text.msAPI_AudioSetVolume
                0x0000b839      0x108 Obj_R2_MT9700_MTK/./monitor_ap/DRIVER/9700/drvDAC.o
                0x0000b839                _msAPI_AudioSetVolume
 .text.msDrvAudioTblProc
                0x0000b941      0x123 Obj_R2_MT9700_MTK/./monitor_ap/DRIVER/9700/drvDAC.o
 .text.msAPI_AudioHandler
                0x0000ba64        0x4 Obj_R2_MT9700_MTK/./monitor_ap/DRIVER/9700/drvDAC.o
                0x0000ba64                _msAPI_AudioHandler
 .text.msDrvAudioTblLoad
                0x0000ba68       0x24 Obj_R2_MT9700_MTK/./monitor_ap/DRIVER/9700/drvDAC.o
 .text.msAPI_AudioDACPowerDown
                0x0000ba8c       0x3c Obj_R2_MT9700_MTK/./monitor_ap/DRIVER/9700/drvDAC.o
                0x0000ba8c                _msAPI_AudioDACPowerDown
 .text.msAPI_AudioInit
                0x0000bac8       0x4e Obj_R2_MT9700_MTK/./monitor_ap/DRIVER/9700/drvDAC.o
                0x0000bac8                _msAPI_AudioInit
 .text.drvGammaOnOff
                0x0000bb16       0x56 Obj_R2_MT9700_MTK/./monitor_ap/DRIVER/9700/drvGamma.o
                0x0000bb16                _drvGammaOnOff
 .text.drvGammaLoadTbl
                0x0000bb6c       0x42 Obj_R2_MT9700_MTK/./monitor_ap/DRIVER/9700/drvGamma.o
                0x0000bb6c                _drvGammaLoadTbl
 .text.IMI_WriteByte
                0x0000bbae        0xb Obj_R2_MT9700_MTK/./monitor_ap/DRIVER/9700/drvIMI.o
                0x0000bbae                _IMI_WriteByte
 .text.IMI_Write2Bytes
                0x0000bbb9       0x16 Obj_R2_MT9700_MTK/./monitor_ap/DRIVER/9700/drvIMI.o
                0x0000bbb9                _IMI_Write2Bytes
 .text.IMI_ReadByte
                0x0000bbcf        0xe Obj_R2_MT9700_MTK/./monitor_ap/DRIVER/9700/drvIMI.o
                0x0000bbcf                _IMI_ReadByte
 .text.IMI_WriteBytes
                0x0000bbdd       0x1e Obj_R2_MT9700_MTK/./monitor_ap/DRIVER/9700/drvIMI.o
                0x0000bbdd                _IMI_WriteBytes
 .text.IMI_Init
                0x0000bbfb       0x46 Obj_R2_MT9700_MTK/./monitor_ap/DRIVER/9700/drvIMI.o
                0x0000bbfb                _IMI_Init
 .text.IMI_GetIMIRegs
                0x0000bc41        0x8 Obj_R2_MT9700_MTK/./monitor_ap/DRIVER/9700/drvIMI.o
                0x0000bc41                _IMI_GetIMIRegs
 .text.mdrv_DeltaE_Memory_Init
                0x0000bc49       0x12 Obj_R2_MT9700_MTK/./monitor_ap/DRIVER/9700/drvDeltaE.o
                0x0000bc49                _mdrv_DeltaE_Memory_Init
 .text.mdrv_DeltaE_FlashWriteProtect_Set
                0x0000bc5b        0xa Obj_R2_MT9700_MTK/./monitor_ap/DRIVER/9700/drvDeltaE.o
                0x0000bc5b                _mdrv_DeltaE_FlashWriteProtect_Set
 .text.IsAutoColorCommand
                0x0000bc65       0x27 Obj_R2_MT9700_MTK/./monitor_ap/DRIVER/9700/drvDeltaE.o
                0x0000bc65                _IsAutoColorCommand
 .text.getCRCU8
                0x0000bc8c       0x3b Obj_R2_MT9700_MTK/./monitor_ap/DRIVER/9700/drvDeltaE.o
                0x0000bc8c                _getCRCU8
 .text.getCRCU16
                0x0000bcc7       0x24 Obj_R2_MT9700_MTK/./monitor_ap/DRIVER/9700/drvDeltaE.o
                0x0000bcc7                _getCRCU16
 .text.GetCRCCheckSum
                0x0000bceb       0x3e Obj_R2_MT9700_MTK/./monitor_ap/DRIVER/9700/drvDeltaE.o
                0x0000bceb                _GetCRCCheckSum
 .text.DDCcmd_CRCU16CheckSum_Get
                0x0000bd29       0x7a Obj_R2_MT9700_MTK/./monitor_ap/DRIVER/9700/drvDeltaE.o
                0x0000bd29                _DDCcmd_CRCU16CheckSum_Get
 .text.IsStructEmpty
                0x0000bda3       0x38 Obj_R2_MT9700_MTK/./monitor_ap/DRIVER/9700/drvDeltaE.o
                0x0000bda3                _IsStructEmpty
 .text.msSetPostGammaData
                0x0000bddb       0x1f Obj_R2_MT9700_MTK/./monitor_ap/DRIVER/9700/drvDeltaE.o
                0x0000bddb                _msSetPostGammaData
 .text.msSetDICOMGammaData
                0x0000bdfa       0x22 Obj_R2_MT9700_MTK/./monitor_ap/DRIVER/9700/drvDeltaE.o
                0x0000bdfa                _msSetDICOMGammaData
 .text.msSetIP2TestPattern_ImageSize
                0x0000be1c       0x12 Obj_R2_MT9700_MTK/./monitor_ap/DRIVER/9700/drvDeltaE.o
                0x0000be1c                _msSetIP2TestPattern_ImageSize
 .text.GetAddrOfColorModePostGamma
                0x0000be2e       0x12 Obj_R2_MT9700_MTK/./monitor_ap/DRIVER/9700/drvDeltaE.o
                0x0000be2e                _GetAddrOfColorModePostGamma
 .text.GetAddrOfColorModeMatrix
                0x0000be40       0x16 Obj_R2_MT9700_MTK/./monitor_ap/DRIVER/9700/drvDeltaE.o
                0x0000be40                _GetAddrOfColorModeMatrix
 .text.msSetColorMatrixData
                0x0000be56       0x1f Obj_R2_MT9700_MTK/./monitor_ap/DRIVER/9700/drvDeltaE.o
                0x0000be56                _msSetColorMatrixData
 .text.msColorModeConfiguration
                0x0000be75       0x55 Obj_R2_MT9700_MTK/./monitor_ap/DRIVER/9700/drvDeltaE.o
                0x0000be75                _msColorModeConfiguration
 .text.GetAddrOfPostGamma
                0x0000beca        0xe Obj_R2_MT9700_MTK/./monitor_ap/DRIVER/9700/drvDeltaE.o
                0x0000beca                _GetAddrOfPostGamma
 .text.GetAddrOfColorTempRGBGain
                0x0000bed8       0x15 Obj_R2_MT9700_MTK/./monitor_ap/DRIVER/9700/drvDeltaE.o
                0x0000bed8                _GetAddrOfColorTempRGBGain
 .text.msSetColorTempData
                0x0000beed       0x21 Obj_R2_MT9700_MTK/./monitor_ap/DRIVER/9700/drvDeltaE.o
                0x0000beed                _msSetColorTempData
 .text._mdrv_DeltaE_RealVaue_Get
                0x0000bf0e       0x64 Obj_R2_MT9700_MTK/./monitor_ap/DRIVER/9700/drvDeltaE.o
                0x0000bf0e                __mdrv_DeltaE_RealVaue_Get
 .text._mdrv_DeltaE_RealRgbGain_Get
                0x0000bf72       0x25 Obj_R2_MT9700_MTK/./monitor_ap/DRIVER/9700/drvDeltaE.o
                0x0000bf72                __mdrv_DeltaE_RealRgbGain_Get
 .text.mdrv_DeltaE_RGBGain_Get
                0x0000bf97       0x23 Obj_R2_MT9700_MTK/./monitor_ap/DRIVER/9700/drvDeltaE.o
                0x0000bf97                _mdrv_DeltaE_RGBGain_Get
 .text.GetAddrOfAutoColorFunctionPostGamma
                0x0000bfba       0x1e Obj_R2_MT9700_MTK/./monitor_ap/DRIVER/9700/drvDeltaE.o
                0x0000bfba                _GetAddrOfAutoColorFunctionPostGamma
 .text.Memory_WriteTbl
                0x0000bfd8       0x52 Obj_R2_MT9700_MTK/./monitor_ap/DRIVER/9700/drvDeltaE.o
                0x0000bfd8                _Memory_WriteTbl
 .text.msSaveColorTempData
                0x0000c02a       0x56 Obj_R2_MT9700_MTK/./monitor_ap/DRIVER/9700/drvDeltaE.o
                0x0000c02a                _msSaveColorTempData
 .text.msSaveColorMatrixData
                0x0000c080       0x7c Obj_R2_MT9700_MTK/./monitor_ap/DRIVER/9700/drvDeltaE.o
                0x0000c080                _msSaveColorMatrixData
 .text.msSavePostGammaData
                0x0000c0fc       0x6a Obj_R2_MT9700_MTK/./monitor_ap/DRIVER/9700/drvDeltaE.o
                0x0000c0fc                _msSavePostGammaData
 .text.mdrv_DeltaE_FlashTblWriter_Set
                0x0000c166       0x29 Obj_R2_MT9700_MTK/./monitor_ap/DRIVER/9700/drvDeltaE.o
                0x0000c166                _mdrv_DeltaE_FlashTblWriter_Set
 .text.mdrv_DeltaE_FlashByteWriter_Set
                0x0000c18f       0x29 Obj_R2_MT9700_MTK/./monitor_ap/DRIVER/9700/drvDeltaE.o
                0x0000c18f                _mdrv_DeltaE_FlashByteWriter_Set
 .text.msSavePostGammaTable
                0x0000c1b8       0xd8 Obj_R2_MT9700_MTK/./monitor_ap/DRIVER/9700/drvDeltaE.o
                0x0000c1b8                _msSavePostGammaTable
 .text.ResetColorMatrixData
                0x0000c290       0x68 Obj_R2_MT9700_MTK/./monitor_ap/DRIVER/9700/drvDeltaE.o
                0x0000c290                _ResetColorMatrixData
 .text.ResetPostGammaData
                0x0000c2f8       0x7c Obj_R2_MT9700_MTK/./monitor_ap/DRIVER/9700/drvDeltaE.o
                0x0000c2f8                _ResetPostGammaData
 .text.ResetDICOMGammaData
                0x0000c374       0x7c Obj_R2_MT9700_MTK/./monitor_ap/DRIVER/9700/drvDeltaE.o
                0x0000c374                _ResetDICOMGammaData
 .text._mdrv_DeltaE_RGBGain_Adjust
                0x0000c3f0       0x6a Obj_R2_MT9700_MTK/./monitor_ap/DRIVER/9700/drvDeltaE.o
 .text.msSetPostRGBOffset
                0x0000c45a      0x172 Obj_R2_MT9700_MTK/./monitor_ap/DRIVER/9700/drvDeltaE.o
                0x0000c45a                _msSetPostRGBOffset
 .text.msSetPreRGBOffset
                0x0000c5cc      0x166 Obj_R2_MT9700_MTK/./monitor_ap/DRIVER/9700/drvDeltaE.o
                0x0000c5cc                _msSetPreRGBOffset
 .text.msSetPreRGBGain
                0x0000c732      0x166 Obj_R2_MT9700_MTK/./monitor_ap/DRIVER/9700/drvDeltaE.o
                0x0000c732                _msSetPreRGBGain
 .text.msSetPostRGBGain
                0x0000c898      0x172 Obj_R2_MT9700_MTK/./monitor_ap/DRIVER/9700/drvDeltaE.o
                0x0000c898                _msSetPostRGBGain
 .text.msByPassGainOffset
                0x0000ca0a       0x58 Obj_R2_MT9700_MTK/./monitor_ap/DRIVER/9700/drvDeltaE.o
                0x0000ca0a                _msByPassGainOffset
 .text.msSetColorEngine
                0x0000ca62       0x38 Obj_R2_MT9700_MTK/./monitor_ap/DRIVER/9700/drvDeltaE.o
                0x0000ca62                _msSetColorEngine
 .text.msSetColorModeEngine
                0x0000ca9a       0x77 Obj_R2_MT9700_MTK/./monitor_ap/DRIVER/9700/drvDeltaE.o
                0x0000ca9a                _msSetColorModeEngine
 .text.msRecoverColorEngine
                0x0000cb11       0x3f Obj_R2_MT9700_MTK/./monitor_ap/DRIVER/9700/drvDeltaE.o
                0x0000cb11                _msRecoverColorEngine
 .text.msSetIP2TestPattern_Off
                0x0000cb50       0x6a Obj_R2_MT9700_MTK/./monitor_ap/DRIVER/9700/drvDeltaE.o
                0x0000cb50                _msSetIP2TestPattern_Off
 .text.msSetHDRColorEngineTestPattern
                0x0000cbba       0xbd Obj_R2_MT9700_MTK/./monitor_ap/DRIVER/9700/drvDeltaE.o
                0x0000cbba                _msSetHDRColorEngineTestPattern
 .text.msSetIP2TestPattern_XPercentPIP
                0x0000cc77      0x137 Obj_R2_MT9700_MTK/./monitor_ap/DRIVER/9700/drvDeltaE.o
                0x0000cc77                _msSetIP2TestPattern_XPercentPIP
 .text.msSetColorEngineTestPattern
                0x0000cdae       0x80 Obj_R2_MT9700_MTK/./monitor_ap/DRIVER/9700/drvDeltaE.o
                0x0000cdae                _msSetColorEngineTestPattern
 .text.msSetTestPattern
                0x0000ce2e       0xfc Obj_R2_MT9700_MTK/./monitor_ap/DRIVER/9700/drvDeltaE.o
                0x0000ce2e                _msSetTestPattern
 .text.Memory_ReadTbl
                0x0000cf2a       0x14 Obj_R2_MT9700_MTK/./monitor_ap/DRIVER/9700/drvDeltaE.o
                0x0000cf2a                _Memory_ReadTbl
 .text.msLoadColorTempMode
                0x0000cf3e      0x10c Obj_R2_MT9700_MTK/./monitor_ap/DRIVER/9700/drvDeltaE.o
                0x0000cf3e                _msLoadColorTempMode
 .text.msLoadPostGammaData
                0x0000d04a      0x161 Obj_R2_MT9700_MTK/./monitor_ap/DRIVER/9700/drvDeltaE.o
                0x0000d04a                _msLoadPostGammaData
 .text.msReloadGammaData
                0x0000d1ab       0x50 Obj_R2_MT9700_MTK/./monitor_ap/DRIVER/9700/drvDeltaE.o
                0x0000d1ab                _msReloadGammaData
 .text.msSetGammaCurve
                0x0000d1fb       0x6f Obj_R2_MT9700_MTK/./monitor_ap/DRIVER/9700/drvDeltaE.o
                0x0000d1fb                _msSetGammaCurve
 .text.msLoadDICOMGammaData
                0x0000d26a      0x14b Obj_R2_MT9700_MTK/./monitor_ap/DRIVER/9700/drvDeltaE.o
                0x0000d26a                _msLoadDICOMGammaData
 .text.msReloadDICOMGammaData
                0x0000d3b5       0x50 Obj_R2_MT9700_MTK/./monitor_ap/DRIVER/9700/drvDeltaE.o
                0x0000d3b5                _msReloadDICOMGammaData
 .text.Memory_ReadWord
                0x0000d405       0x56 Obj_R2_MT9700_MTK/./monitor_ap/DRIVER/9700/drvDeltaE.o
                0x0000d405                _Memory_ReadWord
 .text._EEPROMPostGammaCheckSum_Get
                0x0000d45b       0x96 Obj_R2_MT9700_MTK/./monitor_ap/DRIVER/9700/drvDeltaE.o
                0x0000d45b                __EEPROMPostGammaCheckSum_Get
 .text._EEPROMColorTempCheckSum_Get
                0x0000d4f1       0x63 Obj_R2_MT9700_MTK/./monitor_ap/DRIVER/9700/drvDeltaE.o
                0x0000d4f1                __EEPROMColorTempCheckSum_Get
 .text._EEPROMColorModeMatrixCheckSum_Get
                0x0000d554       0x5e Obj_R2_MT9700_MTK/./monitor_ap/DRIVER/9700/drvDeltaE.o
                0x0000d554                __EEPROMColorModeMatrixCheckSum_Get
 .text.Memory_ReadByte
                0x0000d5b2       0x30 Obj_R2_MT9700_MTK/./monitor_ap/DRIVER/9700/drvDeltaE.o
                0x0000d5b2                _Memory_ReadByte
 .text.msGetAddrOfNewColorMode
                0x0000d5e2       0xfb Obj_R2_MT9700_MTK/./monitor_ap/DRIVER/9700/drvDeltaE.o
                0x0000d5e2                _msGetAddrOfNewColorMode
 .text.msLoadColorMatrixData
                0x0000d6dd      0x134 Obj_R2_MT9700_MTK/./monitor_ap/DRIVER/9700/drvDeltaE.o
                0x0000d6dd                _msLoadColorMatrixData
 .text.msNewLoadColorMode
                0x0000d811      0x299 Obj_R2_MT9700_MTK/./monitor_ap/DRIVER/9700/drvDeltaE.o
                0x0000d811                _msNewLoadColorMode
 .text.IDXLoadDeltaEColorMode
                0x0000daaa      0x114 Obj_R2_MT9700_MTK/./monitor_ap/DRIVER/9700/drvDeltaE.o
                0x0000daaa                _IDXLoadDeltaEColorMode
 .text.AutoColorCalibrationHandler
                0x0000dbbe      0x85b Obj_R2_MT9700_MTK/./monitor_ap/DRIVER/9700/drvDeltaE.o
                0x0000dbbe                _AutoColorCalibrationHandler
 .text.IDXLoadGammaCurveMode
                0x0000e419       0xbc Obj_R2_MT9700_MTK/./monitor_ap/DRIVER/9700/drvDeltaE.o
                0x0000e419                _IDXLoadGammaCurveMode
 .text.DDC2Bi_SET_RBUF
                0x0000e4d5       0x23 Obj_R2_MT9700_MTK/./monitor_ap/DRIVER/drvDDC2Bi.o
                0x0000e4d5                _DDC2Bi_SET_RBUF
 .text.DDC2Bi_Read_INT
                0x0000e4f8       0x2d Obj_R2_MT9700_MTK/./monitor_ap/DRIVER/drvDDC2Bi.o
                0x0000e4f8                _DDC2Bi_Read_INT
 .text.DDC2Bi_Read_WBUF
                0x0000e525       0x2d Obj_R2_MT9700_MTK/./monitor_ap/DRIVER/drvDDC2Bi.o
                0x0000e525                _DDC2Bi_Read_WBUF
 .text.DDC2Bi_Delay
                0x0000e552       0x43 Obj_R2_MT9700_MTK/./monitor_ap/DRIVER/drvDDC2Bi.o
 .text.msDrvReadInternalEDID
                0x0000e595      0x136 Obj_R2_MT9700_MTK/./monitor_ap/DRIVER/drvDDC2Bi.o
                0x0000e595                _msDrvReadInternalEDID
 .text.msDrvWriteInternalEDID
                0x0000e6cb      0x140 Obj_R2_MT9700_MTK/./monitor_ap/DRIVER/drvDDC2Bi.o
                0x0000e6cb                _msDrvWriteInternalEDID
 .text.drvDDC2Bi_ParseCommand
                0x0000e80b       0xaf Obj_R2_MT9700_MTK/./monitor_ap/DRIVER/drvDDC2Bi.o
                0x0000e80b                _drvDDC2Bi_ParseCommand
 .text.drvDDC2Bi_MessageReady
                0x0000e8ba       0x5f Obj_R2_MT9700_MTK/./monitor_ap/DRIVER/drvDDC2Bi.o
                0x0000e8ba                _drvDDC2Bi_MessageReady
 .text.drvDDC2Bi_Init
                0x0000e919       0xde Obj_R2_MT9700_MTK/./monitor_ap/DRIVER/drvDDC2Bi.o
                0x0000e919                _drvDDC2Bi_Init
 .text.D2B_FIFOMODE_DDCPORT2INPUT
                0x0000e9f7       0x1a Obj_R2_MT9700_MTK/./monitor_ap/DRIVER/drvDDC2Bi.o
                0x0000e9f7                _D2B_FIFOMODE_DDCPORT2INPUT
 .text.drvDoDDCCI
                0x0000ea11      0x1de Obj_R2_MT9700_MTK/./monitor_ap/DRIVER/drvDDC2Bi.o
                0x0000ea11                _drvDoDDCCI
 .text.ShiftFontUpDown
                0x0000ebef       0xa6 Obj_R2_MT9700_MTK/./monitor_ap/KERNEL/SCALER/LoadPropFont1218.o
 .text.OSDLoadOneFont
                0x0000ec95       0x63 Obj_R2_MT9700_MTK/./monitor_ap/KERNEL/SCALER/LoadPropFont1218.o
                0x0000ec95                _OSDLoadOneFont
 .text.ClearFontBuf
                0x0000ecf8       0x12 Obj_R2_MT9700_MTK/./monitor_ap/KERNEL/SCALER/LoadPropFont1218.o
                0x0000ecf8                _ClearFontBuf
 .text.CopySubFontBuf
                0x0000ed0a       0x32 Obj_R2_MT9700_MTK/./monitor_ap/KERNEL/SCALER/LoadPropFont1218.o
 .text.GetRemainderPixelOfString
                0x0000ed3c       0x77 Obj_R2_MT9700_MTK/./monitor_ap/KERNEL/SCALER/LoadPropFont1218.o
 .text.LoadPropFonts1218
                0x0000edb3      0x9d5 Obj_R2_MT9700_MTK/./monitor_ap/KERNEL/SCALER/LoadPropFont1218.o
                0x0000edb3                _LoadPropFonts1218
 .text.msDrvPWMMaskTransfer
                0x0000f788      0x14d Obj_R2_MT9700_MTK/./monitor_ap/KERNEL/SCALER/drvGPIO.o
                0x0000f788                _msDrvPWMMaskTransfer
 .text.msDrvPWMPeriodGet
                0x0000f8d5       0x33 Obj_R2_MT9700_MTK/./monitor_ap/KERNEL/SCALER/drvGPIO.o
                0x0000f8d5                _msDrvPWMPeriodGet
 .text.msDrvPWMShiftGet
                0x0000f908       0x33 Obj_R2_MT9700_MTK/./monitor_ap/KERNEL/SCALER/drvGPIO.o
                0x0000f908                _msDrvPWMShiftGet
 .text.msAPIPWMClkSel
                0x0000f93b       0x2d Obj_R2_MT9700_MTK/./monitor_ap/KERNEL/SCALER/drvGPIO.o
                0x0000f93b                _msAPIPWMClkSel
 .text.msAPIDispPWMMappingConfig
                0x0000f968       0x17 Obj_R2_MT9700_MTK/./monitor_ap/KERNEL/SCALER/drvGPIO.o
                0x0000f968                _msAPIDispPWMMappingConfig
 .text.msDrvPWMDoubleBuffer
                0x0000f97f       0xc1 Obj_R2_MT9700_MTK/./monitor_ap/KERNEL/SCALER/drvGPIO.o
                0x0000f97f                _msDrvPWMDoubleBuffer
 .text.msDrvPWMEnableSwitch
                0x0000fa40      0x25a Obj_R2_MT9700_MTK/./monitor_ap/KERNEL/SCALER/drvGPIO.o
                0x0000fa40                _msDrvPWMEnableSwitch
 .text.msDrvPWMSWDBEnd
                0x0000fc9a       0x8e Obj_R2_MT9700_MTK/./monitor_ap/KERNEL/SCALER/drvGPIO.o
 .text.msDrvPWMSWDBStart
                0x0000fd28       0x98 Obj_R2_MT9700_MTK/./monitor_ap/KERNEL/SCALER/drvGPIO.o
 .text.msDrvPWMPolarity
                0x0000fdc0       0x79 Obj_R2_MT9700_MTK/./monitor_ap/KERNEL/SCALER/drvGPIO.o
                0x0000fdc0                _msDrvPWMPolarity
 .text.msDrvPWMDuty
                0x0000fe39      0x162 Obj_R2_MT9700_MTK/./monitor_ap/KERNEL/SCALER/drvGPIO.o
                0x0000fe39                _msDrvPWMDuty
 .text.drvGPIO_SetPWMDuty
                0x0000ff9b       0x8d Obj_R2_MT9700_MTK/./monitor_ap/KERNEL/SCALER/drvGPIO.o
                0x0000ff9b                _drvGPIO_SetPWMDuty
 .text.drvGPIO_SetBacklightDuty
                0x00010028        0x4 Obj_R2_MT9700_MTK/./monitor_ap/KERNEL/SCALER/drvGPIO.o
                0x00010028                _drvGPIO_SetBacklightDuty
 .text.msAPIPWMShift
                0x0001002c       0xa8 Obj_R2_MT9700_MTK/./monitor_ap/KERNEL/SCALER/drvGPIO.o
                0x0001002c                _msAPIPWMShift
 .text.drvGPIO_SetPWMFreq
                0x000100d4      0x176 Obj_R2_MT9700_MTK/./monitor_ap/KERNEL/SCALER/drvGPIO.o
                0x000100d4                _drvGPIO_SetPWMFreq
 .text.msDrvPWMAlignSync
                0x0001024a      0x1eb Obj_R2_MT9700_MTK/./monitor_ap/KERNEL/SCALER/drvGPIO.o
                0x0001024a                _msDrvPWMAlignSync
 .text.msAPIPWMConfig
                0x00010435       0x8a Obj_R2_MT9700_MTK/./monitor_ap/KERNEL/SCALER/drvGPIO.o
                0x00010435                _msAPIPWMConfig
 .text.IsSupportedAspRatioMode
                0x000104bf      0x10a Obj_R2_MT9700_MTK/./monitor_ap/KERNEL/SCALER/mStar.o
                0x000104bf                _IsSupportedAspRatioMode
 .text.OverScanCheck
                0x000105c9      0x201 Obj_R2_MT9700_MTK/./monitor_ap/KERNEL/SCALER/mStar.o
                0x000105c9                _OverScanCheck
 .text.SetInputCombColorFormat
                0x000107ca       0x2f Obj_R2_MT9700_MTK/./monitor_ap/KERNEL/SCALER/mStar.o
                0x000107ca                _SetInputCombColorFormat
 .text.GetInputCombColorFormat
                0x000107f9       0x2f Obj_R2_MT9700_MTK/./monitor_ap/KERNEL/SCALER/mStar.o
                0x000107f9                _GetInputCombColorFormat
 .text.SetInputColorFormat
                0x00010828       0x62 Obj_R2_MT9700_MTK/./monitor_ap/KERNEL/SCALER/mStar.o
                0x00010828                _SetInputColorFormat
 .text.mStar_BlackWhiteScreenCtrl
                0x0001088a       0x38 Obj_R2_MT9700_MTK/./monitor_ap/KERNEL/SCALER/mStar.o
                0x0001088a                _mStar_BlackWhiteScreenCtrl
 .text.mStar_SetIPMux
                0x000108c2      0x35e Obj_R2_MT9700_MTK/./monitor_ap/KERNEL/SCALER/mStar.o
                0x000108c2                _mStar_SetIPMux
 .text.mStar_EnableModeChangeINT
                0x00010c20       0x9a Obj_R2_MT9700_MTK/./monitor_ap/KERNEL/SCALER/mStar.o
                0x00010c20                _mStar_EnableModeChangeINT
 .text.IsColorspaceRGBInput
                0x00010cba       0x73 Obj_R2_MT9700_MTK/./monitor_ap/KERNEL/SCALER/mStar.o
                0x00010cba                _IsColorspaceRGBInput
 .text.IsColorspaceRGB
                0x00010d2d       0x10 Obj_R2_MT9700_MTK/./monitor_ap/KERNEL/SCALER/mStar.o
                0x00010d2d                _IsColorspaceRGB
 .text.SettingInputColorimetry
                0x00010d3d       0xcb Obj_R2_MT9700_MTK/./monitor_ap/KERNEL/SCALER/mStar.o
                0x00010d3d                _SettingInputColorimetry
 .text.mStar_SetUserPref
                0x00010e08      0x100 Obj_R2_MT9700_MTK/./monitor_ap/KERNEL/SCALER/mStar.o
                0x00010e08                _mStar_SetUserPref
 .text.mStar_InitADC
                0x00010f08        0x4 Obj_R2_MT9700_MTK/./monitor_ap/KERNEL/SCALER/mStar.o
                0x00010f08                _mStar_InitADC
 .text.mStar_PowerDown
                0x00010f0c       0x67 Obj_R2_MT9700_MTK/./monitor_ap/KERNEL/SCALER/mStar.o
                0x00010f0c                _mStar_PowerDown
 .text.mStar_SetupClampingByMode
                0x00010f73       0x4e Obj_R2_MT9700_MTK/./monitor_ap/KERNEL/SCALER/mStar.o
                0x00010f73                _mStar_SetupClampingByMode
 .text.mStar_SetupADC
                0x00010fc1       0xb3 Obj_R2_MT9700_MTK/./monitor_ap/KERNEL/SCALER/mStar.o
                0x00010fc1                _mStar_SetupADC
 .text.mStar_SetCaptureWindow
                0x00011074      0x321 Obj_R2_MT9700_MTK/./monitor_ap/KERNEL/SCALER/mStar.o
                0x00011074                _mStar_SetCaptureWindow
 .text.ScalerReset
                0x00011395      0x119 Obj_R2_MT9700_MTK/./monitor_ap/KERNEL/SCALER/mStar.o
                0x00011395                _ScalerReset
 .text.mStar_PowerUp
                0x000114ae       0x3c Obj_R2_MT9700_MTK/./monitor_ap/KERNEL/SCALER/mStar.o
                0x000114ae                _mStar_PowerUp
 .text.mStar_SetupInputPort
                0x000114ea      0x21b Obj_R2_MT9700_MTK/./monitor_ap/KERNEL/SCALER/mStar.o
                0x000114ea                _mStar_SetupInputPort
 .text.mStar_SetAnalogInputPort
                0x00011705      0x121 Obj_R2_MT9700_MTK/./monitor_ap/KERNEL/SCALER/mStar.o
                0x00011705                _mStar_SetAnalogInputPort
 .text.mStar_SetupFreeRunMode
                0x00011826       0x2f Obj_R2_MT9700_MTK/./monitor_ap/KERNEL/SCALER/mStar.o
                0x00011826                _mStar_SetupFreeRunMode
 .text.mStar_SetPanelTiming
                0x00011855       0x1d Obj_R2_MT9700_MTK/./monitor_ap/KERNEL/SCALER/mStar.o
                0x00011855                _mStar_SetPanelTiming
 .text.mStar_SetupMode
                0x00011872       0xa2 Obj_R2_MT9700_MTK/./monitor_ap/KERNEL/SCALER/mStar.o
                0x00011872                _mStar_SetupMode
 .text.mStar_ACOnInit
                0x00011914       0x16 Obj_R2_MT9700_MTK/./monitor_ap/KERNEL/SCALER/mStar.o
                0x00011914                _mStar_ACOnInit
 .text.GPIOPWMSelect
                0x0001192a       0x4e Obj_R2_MT9700_MTK/./monitor_ap/KERNEL/SCALER/mStar.o
                0x0001192a                _GPIOPWMSelect
 .text.mStar_Init
                0x00011978      0x10c Obj_R2_MT9700_MTK/./monitor_ap/KERNEL/SCALER/mStar.o
                0x00011978                _mStar_Init
 .text.mStar_CheckFailSafeMode
                0x00011a84       0x46 Obj_R2_MT9700_MTK/./monitor_ap/KERNEL/SCALER/detect.o
                0x00011a84                _mStar_CheckFailSafeMode
 .text.IsCableNotConnected
                0x00011aca        0x4 Obj_R2_MT9700_MTK/./monitor_ap/KERNEL/SCALER/detect.o
                0x00011aca                _IsCableNotConnected
 .text.msAPI_FakeSleepTimeOutCnt_Set
                0x00011ace        0xa Obj_R2_MT9700_MTK/./monitor_ap/KERNEL/SCALER/detect.o
                0x00011ace                _msAPI_FakeSleepTimeOutCnt_Set
 .text.msAPI_FakeSleepTimeOutCnt_Get
                0x00011ad8        0xa Obj_R2_MT9700_MTK/./monitor_ap/KERNEL/SCALER/detect.o
                0x00011ad8                _msAPI_FakeSleepTimeOutCnt_Get
 .text.msAPI_FakeSleepTimeOutEn_Set
                0x00011ae2        0xa Obj_R2_MT9700_MTK/./monitor_ap/KERNEL/SCALER/detect.o
                0x00011ae2                _msAPI_FakeSleepTimeOutEn_Set
 .text.msAPI_FakeSleepTimeOutEn_Get
                0x00011aec        0xa Obj_R2_MT9700_MTK/./monitor_ap/KERNEL/SCALER/detect.o
                0x00011aec                _msAPI_FakeSleepTimeOutEn_Get
 .text.mStar_Monitor420Status
                0x00011af6       0x69 Obj_R2_MT9700_MTK/./monitor_ap/KERNEL/SCALER/detect.o
                0x00011af6                _mStar_Monitor420Status
 .text.msCheckFakeSleep
                0x00011b5f       0x29 Obj_R2_MT9700_MTK/./monitor_ap/KERNEL/SCALER/detect.o
                0x00011b5f                _msCheckFakeSleep
 .text.GetImageHeight
                0x00011b88       0xa1 Obj_R2_MT9700_MTK/./monitor_ap/KERNEL/SCALER/detect.o
                0x00011b88                _GetImageHeight
 .text.GetImageWidth
                0x00011c29       0xb9 Obj_R2_MT9700_MTK/./monitor_ap/KERNEL/SCALER/detect.o
                0x00011c29                _GetImageWidth
 .text.GetVSyncWidth
                0x00011ce2       0x3f Obj_R2_MT9700_MTK/./monitor_ap/KERNEL/SCALER/detect.o
                0x00011ce2                _GetVSyncWidth
 .text.mStar_GetInputStatus
                0x00011d21      0x1a7 Obj_R2_MT9700_MTK/./monitor_ap/KERNEL/SCALER/detect.o
                0x00011d21                _mStar_GetInputStatus
 .text.NewModeInterlacedDetect
                0x00011ec8      0x1af Obj_R2_MT9700_MTK/./monitor_ap/KERNEL/SCALER/detect.o
                0x00011ec8                _NewModeInterlacedDetect
 .text.mStar_SyncLossStateDetect
                0x00012077      0x11f Obj_R2_MT9700_MTK/./monitor_ap/KERNEL/SCALER/detect.o
                0x00012077                _mStar_SyncLossStateDetect
 .text.mStar_PrepareForTimingChange
                0x00012196       0xd1 Obj_R2_MT9700_MTK/./monitor_ap/KERNEL/SCALER/detect.o
                0x00012196                _mStar_PrepareForTimingChange
 .text.mStar_SettingAudioFucntion
                0x00012267       0x9c Obj_R2_MT9700_MTK/./monitor_ap/KERNEL/SCALER/detect.o
                0x00012267                _mStar_SettingAudioFucntion
 .text.mStar_MonitorColorSpaceChange
                0x00012303       0x5a Obj_R2_MT9700_MTK/./monitor_ap/KERNEL/SCALER/detect.o
                0x00012303                _mStar_MonitorColorSpaceChange
 .text.mStar_MonitorHDMIAvmute
                0x0001235d       0x83 Obj_R2_MT9700_MTK/./monitor_ap/KERNEL/SCALER/detect.o
                0x0001235d                _mStar_MonitorHDMIAvmute
 .text.mStar_ValidTimingDetect
                0x000123e0      0x430 Obj_R2_MT9700_MTK/./monitor_ap/KERNEL/SCALER/detect.o
                0x000123e0                _mStar_ValidTimingDetect
 .text.mStar_ModeHandler
                0x00012810      0x325 Obj_R2_MT9700_MTK/./monitor_ap/KERNEL/SCALER/detect.o
                0x00012810                _mStar_ModeHandler
 .text.mStar_HperiodDetModeSwitch
                0x00012b35      0x110 Obj_R2_MT9700_MTK/./monitor_ap/KERNEL/SCALER/detect.o
                0x00012b35                _mStar_HperiodDetModeSwitch
 .text.mStar_MonitorInputTiming
                0x00012c45      0x396 Obj_R2_MT9700_MTK/./monitor_ap/KERNEL/SCALER/detect.o
                0x00012c45                _mStar_MonitorInputTiming
 .text.GetRealVaueFunc
                0x00012fdb       0x64 Obj_R2_MT9700_MTK/./monitor_ap/KERNEL/SCALER/Adjust.o
                0x00012fdb                _GetRealVaueFunc
 .text.GetRealRgbGain
                0x0001303f       0x23 Obj_R2_MT9700_MTK/./monitor_ap/KERNEL/SCALER/Adjust.o
                0x0001303f                _GetRealRgbGain
 .text.GetRealVolume
                0x00013062       0x30 Obj_R2_MT9700_MTK/./monitor_ap/KERNEL/SCALER/Adjust.o
                0x00013062                _GetRealVolume
 .text.PWMBoundaryClamp
                0x00013092        0xf Obj_R2_MT9700_MTK/./monitor_ap/KERNEL/SCALER/Adjust.o
                0x00013092                _PWMBoundaryClamp
 .text.SetColorModeDemo
                0x000130a1       0x10 Obj_R2_MT9700_MTK/./monitor_ap/KERNEL/SCALER/Adjust.o
                0x000130a1                _SetColorModeDemo
 .text.msAPI_VideoHueSaturation
                0x000130b1        0x4 Obj_R2_MT9700_MTK/./monitor_ap/KERNEL/SCALER/Adjust.o
                0x000130b1                _msAPI_VideoHueSaturation
 .text.mStar_SetupSuperResolution
                0x000130b5        0x4 Obj_R2_MT9700_MTK/./monitor_ap/KERNEL/SCALER/Adjust.o
                0x000130b5                _mStar_SetupSuperResolution
 .text.msInitalSRSetting
                0x000130b9        0x4 Obj_R2_MT9700_MTK/./monitor_ap/KERNEL/SCALER/Adjust.o
                0x000130b9                _msInitalSRSetting
 .text.msAPI_appAdjust_FlashInit
                0x000130bd       0x34 Obj_R2_MT9700_MTK/./monitor_ap/KERNEL/SCALER/Adjust.o
                0x000130bd                _msAPI_appAdjust_FlashInit
 .text.msAPI_appAdjust_FlashWriteTbl
                0x000130f1      0x127 Obj_R2_MT9700_MTK/./monitor_ap/KERNEL/SCALER/Adjust.o
                0x000130f1                _msAPI_appAdjust_FlashWriteTbl
 .text.msAPI_appAdjust_FlashWriteByte
                0x00013218       0x7a Obj_R2_MT9700_MTK/./monitor_ap/KERNEL/SCALER/Adjust.o
                0x00013218                _msAPI_appAdjust_FlashWriteByte
 .text.mapi_Adjust_EnableNonStdCSC_Get
                0x00013292       0x10 Obj_R2_MT9700_MTK/./monitor_ap/KERNEL/SCALER/Adjust.o
                0x00013292                _mapi_Adjust_EnableNonStdCSC_Get
 .text.msAPI_WinReportGetWeightingPixelCountBySetRange
                0x000132a2        0x4 Obj_R2_MT9700_MTK/./monitor_ap/KERNEL/SCALER/Adjust.o
                0x000132a2                _msAPI_WinReportGetWeightingPixelCountBySetRange
 .text.msAPI_WinReportSetRange
                0x000132a6        0x4 Obj_R2_MT9700_MTK/./monitor_ap/KERNEL/SCALER/Adjust.o
                0x000132a6                _msAPI_WinReportSetRange
 .text.msAPI_DisplayWindowEnable
                0x000132aa        0x4 Obj_R2_MT9700_MTK/./monitor_ap/KERNEL/SCALER/Adjust.o
                0x000132aa                _msAPI_DisplayWindowEnable
 .text.msAPI_WinReportEnable
                0x000132ae        0x4 Obj_R2_MT9700_MTK/./monitor_ap/KERNEL/SCALER/Adjust.o
                0x000132ae                _msAPI_WinReportEnable
 .text.msAPI_AdjustRGBColor
                0x000132b2       0x93 Obj_R2_MT9700_MTK/./monitor_ap/KERNEL/SCALER/Adjust.o
                0x000132b2                _msAPI_AdjustRGBColor
 .text.msAPI_SetGlobalBrightnessPWM
                0x00013345        0xc Obj_R2_MT9700_MTK/./monitor_ap/KERNEL/SCALER/Adjust.o
                0x00013345                _msAPI_SetGlobalBrightnessPWM
 .text.mStar_AdjustBrightness
                0x00013351       0x2b Obj_R2_MT9700_MTK/./monitor_ap/KERNEL/SCALER/Adjust.o
                0x00013351                _mStar_AdjustBrightness
 .text.msAPI_ColorMatrixEnable
                0x0001337c        0x4 Obj_R2_MT9700_MTK/./monitor_ap/KERNEL/SCALER/Adjust.o
                0x0001337c                _msAPI_ColorMatrixEnable
 .text.msAPI_FixGammaEnable
                0x00013380        0x4 Obj_R2_MT9700_MTK/./monitor_ap/KERNEL/SCALER/Adjust.o
                0x00013380                _msAPI_FixGammaEnable
 .text.msAPI_DeGammaEnable
                0x00013384        0x4 Obj_R2_MT9700_MTK/./monitor_ap/KERNEL/SCALER/Adjust.o
                0x00013384                _msAPI_DeGammaEnable
 .text.msAPI_GammaEnable
                0x00013388        0x4 Obj_R2_MT9700_MTK/./monitor_ap/KERNEL/SCALER/Adjust.o
                0x00013388                _msAPI_GammaEnable
 .text.msAPI_GammaLoadTbl_256E_14B
                0x0001338c        0x4 Obj_R2_MT9700_MTK/./monitor_ap/KERNEL/SCALER/Adjust.o
                0x0001338c                _msAPI_GammaLoadTbl_256E_14B
 .text.msAPI_GammaLoadTbl_256E_14B_DICOM
                0x00013390        0x4 Obj_R2_MT9700_MTK/./monitor_ap/KERNEL/SCALER/Adjust.o
                0x00013390                _msAPI_GammaLoadTbl_256E_14B_DICOM
 .text.msAPI_FixGammaLoadTbl_256E_12B
                0x00013394       0x35 Obj_R2_MT9700_MTK/./monitor_ap/KERNEL/SCALER/Adjust.o
                0x00013394                _msAPI_FixGammaLoadTbl_256E_12B
 .text.msAPI_DeGammaLoadTbl_256E_16B_N
                0x000133c9       0x3d Obj_R2_MT9700_MTK/./monitor_ap/KERNEL/SCALER/Adjust.o
                0x000133c9                _msAPI_DeGammaLoadTbl_256E_16B_N
 .text.msAPI_CustomBriEnable
                0x00013406        0x4 Obj_R2_MT9700_MTK/./monitor_ap/KERNEL/SCALER/Adjust.o
                0x00013406                _msAPI_CustomBriEnable
 .text.msAPI_CustomSatEnable
                0x0001340a        0x4 Obj_R2_MT9700_MTK/./monitor_ap/KERNEL/SCALER/Adjust.o
                0x0001340a                _msAPI_CustomSatEnable
 .text.msAPI_CustomHueEnable
                0x0001340e        0x4 Obj_R2_MT9700_MTK/./monitor_ap/KERNEL/SCALER/Adjust.o
                0x0001340e                _msAPI_CustomHueEnable
 .text.mStar_WaitForDataBlanking
                0x00013412       0x9c Obj_R2_MT9700_MTK/./monitor_ap/KERNEL/SCALER/Adjust.o
                0x00013412                _mStar_WaitForDataBlanking
 .text.mStar_AdjustBackgoundColor
                0x000134ae       0x64 Obj_R2_MT9700_MTK/./monitor_ap/KERNEL/SCALER/Adjust.o
                0x000134ae                _mStar_AdjustBackgoundColor
 .text.mStar_AdjustHPosition
                0x00013512       0x12 Obj_R2_MT9700_MTK/./monitor_ap/KERNEL/SCALER/Adjust.o
                0x00013512                _mStar_AdjustHPosition
 .text.mStar_AdjustVPosition
                0x00013524       0x4a Obj_R2_MT9700_MTK/./monitor_ap/KERNEL/SCALER/Adjust.o
                0x00013524                _mStar_AdjustVPosition
 .text.mStar_AdjustBlueColor
                0x0001356e       0x41 Obj_R2_MT9700_MTK/./monitor_ap/KERNEL/SCALER/Adjust.o
                0x0001356e                _mStar_AdjustBlueColor
 .text.mStar_AdjustGreenColor
                0x000135af       0x41 Obj_R2_MT9700_MTK/./monitor_ap/KERNEL/SCALER/Adjust.o
                0x000135af                _mStar_AdjustGreenColor
 .text.mStar_AdjustRedColor
                0x000135f0       0x41 Obj_R2_MT9700_MTK/./monitor_ap/KERNEL/SCALER/Adjust.o
                0x000135f0                _mStar_AdjustRedColor
 .text.mStar_AdjustContrast
                0x00013631       0x43 Obj_R2_MT9700_MTK/./monitor_ap/KERNEL/SCALER/Adjust.o
                0x00013631                _mStar_AdjustContrast
 .text.msAPI_AdjustVolume
                0x00013674       0x2a Obj_R2_MT9700_MTK/./monitor_ap/KERNEL/SCALER/Adjust.o
                0x00013674                _msAPI_AdjustVolume
 .text.msMLoad_Reg_Offset
                0x0001369e        0xb Obj_R2_MT9700_MTK/./monitor_ap/KERNEL/SCALER/msMenuload.o
                0x0001369e                _msMLoad_Reg_Offset
 .text.msMLoad_Init
                0x000136a9       0x29 Obj_R2_MT9700_MTK/./monitor_ap/KERNEL/SCALER/msMenuload.o
                0x000136a9                _msMLoad_Init
 .text.msMLoad_Set_On_Off
                0x000136d2       0x4b Obj_R2_MT9700_MTK/./monitor_ap/KERNEL/SCALER/msMenuload.o
                0x000136d2                _msMLoad_Set_On_Off
 .text.msMLoad_Set_Len
                0x0001371d       0x16 Obj_R2_MT9700_MTK/./monitor_ap/KERNEL/SCALER/msMenuload.o
                0x0001371d                _msMLoad_Set_Len
 .text.msMLoad_AddCmd
                0x00013733       0x49 Obj_R2_MT9700_MTK/./monitor_ap/KERNEL/SCALER/msMenuload.o
                0x00013733                _msMLoad_AddCmd
 .text.msMLoad_Set_Base_Addr
                0x0001377c       0x54 Obj_R2_MT9700_MTK/./monitor_ap/KERNEL/SCALER/msMenuload.o
                0x0001377c                _msMLoad_Set_Base_Addr
 .text.msMLoad_Set_Depth
                0x000137d0       0x27 Obj_R2_MT9700_MTK/./monitor_ap/KERNEL/SCALER/msMenuload.o
                0x000137d0                _msMLoad_Set_Depth
 .text.msMLoad_Trigger
                0x000137f7       0x4a Obj_R2_MT9700_MTK/./monitor_ap/KERNEL/SCALER/msMenuload.o
                0x000137f7                _msMLoad_Trigger
 .text.msMLoad_Get_Status
                0x00013841       0x23 Obj_R2_MT9700_MTK/./monitor_ap/KERNEL/SCALER/msMenuload.o
                0x00013841                _msMLoad_Get_Status
 .text.msMLoad_Check_Done
                0x00013864       0x1e Obj_R2_MT9700_MTK/./monitor_ap/KERNEL/SCALER/msMenuload.o
                0x00013864                _msMLoad_Check_Done
 .text.msMLoad_Reset
                0x00013882       0xa4 Obj_R2_MT9700_MTK/./monitor_ap/KERNEL/SCALER/msMenuload.o
                0x00013882                _msMLoad_Reset
 .text.msMLInfoInit
                0x00013926        0x4 Obj_R2_MT9700_MTK/./monitor_ap/KERNEL/SCALER/msMenuload.o
                0x00013926                _msMLInfoInit
 .text.msMLoad_WriteCmd
                0x0001392a      0x241 Obj_R2_MT9700_MTK/./monitor_ap/KERNEL/SCALER/msMenuload.o
                0x0001392a                _msMLoad_WriteCmd
 .text.msSWDBWriteBit
                0x00013b6b       0x1a Obj_R2_MT9700_MTK/./monitor_ap/KERNEL/SCALER/msMenuload.o
                0x00013b6b                _msSWDBWriteBit
 .text.msSWDBWrite2ByteMask
                0x00013b85       0x55 Obj_R2_MT9700_MTK/./monitor_ap/KERNEL/SCALER/msMenuload.o
                0x00013b85                _msSWDBWrite2ByteMask
 .text.msSWDBWriteByteMask
                0x00013bda       0x14 Obj_R2_MT9700_MTK/./monitor_ap/KERNEL/SCALER/msMenuload.o
                0x00013bda                _msSWDBWriteByteMask
 .text.msSWDBWrite4Byte
                0x00013bee       0x8b Obj_R2_MT9700_MTK/./monitor_ap/KERNEL/SCALER/msMenuload.o
                0x00013bee                _msSWDBWrite4Byte
 .text.msSWDBWrite3Byte
                0x00013c79       0x7b Obj_R2_MT9700_MTK/./monitor_ap/KERNEL/SCALER/msMenuload.o
                0x00013c79                _msSWDBWrite3Byte
 .text.msSWDBWrite2Byte
                0x00013cf4       0x50 Obj_R2_MT9700_MTK/./monitor_ap/KERNEL/SCALER/msMenuload.o
                0x00013cf4                _msSWDBWrite2Byte
 .text.msSWDBWriteByte
                0x00013d44       0x1a Obj_R2_MT9700_MTK/./monitor_ap/KERNEL/SCALER/msMenuload.o
                0x00013d44                _msSWDBWriteByte
 .text.msMLoad_KickOff
                0x00013d5e      0x145 Obj_R2_MT9700_MTK/./monitor_ap/KERNEL/SCALER/msMenuload.o
                0x00013d5e                _msMLoad_KickOff
 .text.msMLoad_Fire
                0x00013ea3       0x73 Obj_R2_MT9700_MTK/./monitor_ap/KERNEL/SCALER/msMenuload.o
                0x00013ea3                _msMLoad_Fire
 .text.msSWDBTrigger
                0x00013f16       0x55 Obj_R2_MT9700_MTK/./monitor_ap/KERNEL/SCALER/msMenuload.o
                0x00013f16                _msSWDBTrigger
 .text.msMLoad_Set_Riu
                0x00013f6b       0x24 Obj_R2_MT9700_MTK/./monitor_ap/KERNEL/SCALER/msMenuload.o
                0x00013f6b                _msMLoad_Set_Riu
 .text.msMLoad_DS_Init
                0x00013f8f       0xa9 Obj_R2_MT9700_MTK/./monitor_ap/KERNEL/SCALER/msMenuload.o
                0x00013f8f                _msMLoad_DS_Init
 .text.mStar_AutoColor
                0x00014038       0x35 Obj_R2_MT9700_MTK/./monitor_ap/KERNEL/SCALER/AutoFunc.o
                0x00014038                _mStar_AutoColor
 .text.WaitAutoStatusReady
                0x0001406d       0x5a Obj_R2_MT9700_MTK/./monitor_ap/KERNEL/SCALER/AutoFunc.o
                0x0001406d                _WaitAutoStatusReady
 .text.GetAutoValue
                0x000140c7       0x27 Obj_R2_MT9700_MTK/./monitor_ap/KERNEL/SCALER/AutoFunc.o
                0x000140c7                _GetAutoValue
 .text.mStar_AutoPosition
                0x000140ee      0x23b Obj_R2_MT9700_MTK/./monitor_ap/KERNEL/SCALER/AutoFunc.o
                0x000140ee                _mStar_AutoPosition
 .text.CheckSyncLoss
                0x00014329       0x1f Obj_R2_MT9700_MTK/./monitor_ap/KERNEL/SCALER/AutoFunc.o
                0x00014329                _CheckSyncLoss
 .text.mStar_AutoPhase
                0x00014348      0x123 Obj_R2_MT9700_MTK/./monitor_ap/KERNEL/SCALER/AutoFunc.o
                0x00014348                _mStar_AutoPhase
 .text.AutoSetDataThreshold
                0x0001446b       0xdc Obj_R2_MT9700_MTK/./monitor_ap/KERNEL/SCALER/AutoFunc.o
                0x0001446b                _AutoSetDataThreshold
 .text.GetTranstionPosition
                0x00014547       0xa4 Obj_R2_MT9700_MTK/./monitor_ap/KERNEL/SCALER/AutoFunc.o
                0x00014547                _GetTranstionPosition
 .text.SearchMaxWidth
                0x000145eb       0xa0 Obj_R2_MT9700_MTK/./monitor_ap/KERNEL/SCALER/AutoFunc.o
                0x000145eb                _SearchMaxWidth
 .text.mStar_AutoHTotal
                0x0001468b      0x1e8 Obj_R2_MT9700_MTK/./monitor_ap/KERNEL/SCALER/AutoFunc.o
                0x0001468b                _mStar_AutoHTotal
 .text.mStar_AutoGeomtry
                0x00014873       0x9a Obj_R2_MT9700_MTK/./monitor_ap/KERNEL/SCALER/AutoFunc.o
                0x00014873                _mStar_AutoGeomtry
 .text.drvOSD_SetWndFixAlpha
                0x0001490d       0x72 Obj_R2_MT9700_MTK/./monitor_ap/KERNEL/SCALER/drvOSD.o
                0x0001490d                _drvOSD_SetWndFixAlpha
 .text.drvOSD_SetWndOn
                0x0001497f       0x1a Obj_R2_MT9700_MTK/./monitor_ap/KERNEL/SCALER/drvOSD.o
                0x0001497f                _drvOSD_SetWndOn
 .text.drvOSD_FrameColorRGB
                0x00014999       0x44 Obj_R2_MT9700_MTK/./monitor_ap/KERNEL/SCALER/drvOSD.o
                0x00014999                _drvOSD_FrameColorRGB
 .text.drvOSD_SetWndShiftPixel
                0x000149dd       0x3a Obj_R2_MT9700_MTK/./monitor_ap/KERNEL/SCALER/drvOSD.o
                0x000149dd                _drvOSD_SetWndShiftPixel
 .text.drvOSD_SetWndFixColor
                0x00014a17       0x52 Obj_R2_MT9700_MTK/./monitor_ap/KERNEL/SCALER/drvOSD.o
                0x00014a17                _drvOSD_SetWndFixColor
 .text.drvOSD_SetWndLineOffset
                0x00014a69        0xf Obj_R2_MT9700_MTK/./monitor_ap/KERNEL/SCALER/drvOSD.o
                0x00014a69                _drvOSD_SetWndLineOffset
 .text.drvOSD_ClrOSD_SRAM
                0x00014a78       0xeb Obj_R2_MT9700_MTK/./monitor_ap/KERNEL/SCALER/drvOSD.o
                0x00014a78                _drvOSD_ClrOSD_SRAM
 .text.drvOSD_GetWndInfo
                0x00014b63       0x7e Obj_R2_MT9700_MTK/./monitor_ap/KERNEL/SCALER/drvOSD.o
                0x00014b63                _drvOSD_GetWndInfo
 .text.drvOSD_GetTxtCAStart
                0x00014be1      0x10d Obj_R2_MT9700_MTK/./monitor_ap/KERNEL/SCALER/drvOSD.o
                0x00014be1                _drvOSD_GetTxtCAStart
 .text.drvOSD_FrameColorEnable
                0x00014cee       0x74 Obj_R2_MT9700_MTK/./monitor_ap/KERNEL/SCALER/drvOSD.o
                0x00014cee                _drvOSD_FrameColorEnable
 .text.drvOSD_SetWndCtrl
                0x00014d62       0x41 Obj_R2_MT9700_MTK/./monitor_ap/KERNEL/SCALER/drvOSD.o
                0x00014d62                _drvOSD_SetWndCtrl
 .text.drvOSD_SetWndCABaseAddr
                0x00014da3        0xf Obj_R2_MT9700_MTK/./monitor_ap/KERNEL/SCALER/drvOSD.o
                0x00014da3                _drvOSD_SetWndCABaseAddr
 .text.drvOSD_DrawContinuousChar
                0x00014db2       0xe7 Obj_R2_MT9700_MTK/./monitor_ap/KERNEL/SCALER/drvOSD.o
                0x00014db2                _drvOSD_DrawContinuousChar
 .text.drvOSD_DrawRealChar
                0x00014e99       0xc1 Obj_R2_MT9700_MTK/./monitor_ap/KERNEL/SCALER/drvOSD.o
                0x00014e99                _drvOSD_DrawRealChar
 .text.WriteTriggerADLPostGamma
                0x00014f5a       0xa0 Obj_R2_MT9700_MTK/./monitor_ap/KERNEL/SCALER/AutoGamma.o
                0x00014f5a                _WriteTriggerADLPostGamma
 .text.WriteTriggerADLxvYCCGamma
                0x00014ffa       0x9f Obj_R2_MT9700_MTK/./monitor_ap/KERNEL/SCALER/AutoGamma.o
                0x00014ffa                _WriteTriggerADLxvYCCGamma
 .text.WritePostGamma2Dram
                0x00015099        0xf Obj_R2_MT9700_MTK/./monitor_ap/KERNEL/SCALER/AutoGamma.o
                0x00015099                _WritePostGamma2Dram
 .text.WriteDeGamma2Dram
                0x000150a8       0x98 Obj_R2_MT9700_MTK/./monitor_ap/KERNEL/SCALER/AutoGamma.o
                0x000150a8                _WriteDeGamma2Dram
 .text.WriteADLDeGamma
                0x00015140       0x4c Obj_R2_MT9700_MTK/./monitor_ap/KERNEL/SCALER/AutoGamma.o
                0x00015140                _WriteADLDeGamma
 .text.WriteFixGamma2Dram
                0x0001518c       0x76 Obj_R2_MT9700_MTK/./monitor_ap/KERNEL/SCALER/AutoGamma.o
                0x0001518c                _WriteFixGamma2Dram
 .text.WriteADLFixGamma
                0x00015202       0x57 Obj_R2_MT9700_MTK/./monitor_ap/KERNEL/SCALER/AutoGamma.o
                0x00015202                _WriteADLFixGamma
 .text.msSetPanelGammaOnOff
                0x00015259       0x4a Obj_R2_MT9700_MTK/./monitor_ap/KERNEL/SCALER/AutoGamma.o
                0x00015259                _msSetPanelGammaOnOff
 .text.msSetFGammaOnOff
                0x000152a3       0x43 Obj_R2_MT9700_MTK/./monitor_ap/KERNEL/SCALER/AutoGamma.o
                0x000152a3                _msSetFGammaOnOff
 .text.msSetFixGammaOnOff
                0x000152e6       0x43 Obj_R2_MT9700_MTK/./monitor_ap/KERNEL/SCALER/AutoGamma.o
                0x000152e6                _msSetFixGammaOnOff
 .text.drvADC_SetPGAGainCode
                0x00015329       0x1a Obj_R2_MT9700_MTK/./monitor_ap/KERNEL/SCALER/drvADC.o
 .text.drvADC_AdjustCalDuring
                0x00015343        0xf Obj_R2_MT9700_MTK/./monitor_ap/KERNEL/SCALER/drvADC.o
                0x00015343                _drvADC_AdjustCalDuring
 .text.drvADC_SetupHsyncPolarity
                0x00015352       0x16 Obj_R2_MT9700_MTK/./monitor_ap/KERNEL/SCALER/drvADC.o
                0x00015352                _drvADC_SetupHsyncPolarity
 .text.drvADC_SetBlueOffsetCode
                0x00015368       0x10 Obj_R2_MT9700_MTK/./monitor_ap/KERNEL/SCALER/drvADC.o
                0x00015368                _drvADC_SetBlueOffsetCode
 .text.drvADC_SetGreenOffsetCode
                0x00015378       0x10 Obj_R2_MT9700_MTK/./monitor_ap/KERNEL/SCALER/drvADC.o
                0x00015378                _drvADC_SetGreenOffsetCode
 .text.drvADC_SetRedOffsetCode
                0x00015388       0x10 Obj_R2_MT9700_MTK/./monitor_ap/KERNEL/SCALER/drvADC.o
                0x00015388                _drvADC_SetRedOffsetCode
 .text.drvADC_SetRGBOffsetCode
                0x00015398       0x4f Obj_R2_MT9700_MTK/./monitor_ap/KERNEL/SCALER/drvADC.o
                0x00015398                _drvADC_SetRGBOffsetCode
 .text.drvADC_SetBlueGainCode
                0x000153e7       0x10 Obj_R2_MT9700_MTK/./monitor_ap/KERNEL/SCALER/drvADC.o
                0x000153e7                _drvADC_SetBlueGainCode
 .text.drvADC_SetGreenGainCode
                0x000153f7       0x10 Obj_R2_MT9700_MTK/./monitor_ap/KERNEL/SCALER/drvADC.o
                0x000153f7                _drvADC_SetGreenGainCode
 .text.drvADC_SetRedGainCode
                0x00015407       0x10 Obj_R2_MT9700_MTK/./monitor_ap/KERNEL/SCALER/drvADC.o
                0x00015407                _drvADC_SetRedGainCode
 .text.drvADC_SetRGBGainCode
                0x00015417       0x4f Obj_R2_MT9700_MTK/./monitor_ap/KERNEL/SCALER/drvADC.o
                0x00015417                _drvADC_SetRGBGainCode
 .text.drvADC_AdjustHTotal
                0x00015466       0x14 Obj_R2_MT9700_MTK/./monitor_ap/KERNEL/SCALER/drvADC.o
                0x00015466                _drvADC_AdjustHTotal
 .text.drvADC_SetHsyncRefLevel
                0x0001547a        0xf Obj_R2_MT9700_MTK/./monitor_ap/KERNEL/SCALER/drvADC.o
                0x0001547a                _drvADC_SetHsyncRefLevel
 .text.drvADC_PowerCtrl
                0x00015489      0x179 Obj_R2_MT9700_MTK/./monitor_ap/KERNEL/SCALER/drvADC.o
                0x00015489                _drvADC_PowerCtrl
 .text.drvADC_WaitAutoStatusReady
                0x00015602       0x51 Obj_R2_MT9700_MTK/./monitor_ap/KERNEL/SCALER/drvADC.o
                0x00015602                _drvADC_WaitAutoStatusReady
 .text.drvADC_SetPhaseCode
                0x00015653       0x61 Obj_R2_MT9700_MTK/./monitor_ap/KERNEL/SCALER/drvADC.o
                0x00015653                _drvADC_SetPhaseCode
 .text.drvADC_LoadTable
                0x000156b4       0xa8 Obj_R2_MT9700_MTK/./monitor_ap/KERNEL/SCALER/drvADC.o
 .text.drvADC_SetAutoProst
                0x0001575c       0x52 Obj_R2_MT9700_MTK/./monitor_ap/KERNEL/SCALER/drvADC.o
 .text.drvADC_IsEnableFreeRun
                0x000157ae       0x52 Obj_R2_MT9700_MTK/./monitor_ap/KERNEL/SCALER/drvADC.o
 .text.drvADC_SetInputMux
                0x00015800       0x2a Obj_R2_MT9700_MTK/./monitor_ap/KERNEL/SCALER/drvADC.o
                0x00015800                _drvADC_SetInputMux
 .text.drvADC_ADCLinearityOffsetGainMismatchCal
                0x0001582a       0x2b Obj_R2_MT9700_MTK/./monitor_ap/KERNEL/SCALER/drvADC.o
                0x0001582a                _drvADC_ADCLinearityOffsetGainMismatchCal
 .text.drvADC_SetADCModeSetting
                0x00015855       0x69 Obj_R2_MT9700_MTK/./monitor_ap/KERNEL/SCALER/drvADC.o
                0x00015855                _drvADC_SetADCModeSetting
 .text.drvADC_SetModewithPLLProtection
                0x000158be      0x142 Obj_R2_MT9700_MTK/./monitor_ap/KERNEL/SCALER/drvADC.o
                0x000158be                _drvADC_SetModewithPLLProtection
 .text.drvADC_SetADCSource
                0x00015a00       0x2b Obj_R2_MT9700_MTK/./monitor_ap/KERNEL/SCALER/drvADC.o
                0x00015a00                _drvADC_SetADCSource
 .text.drvADC_AutoAdcColor
                0x00015a2b      0xa97 Obj_R2_MT9700_MTK/./monitor_ap/KERNEL/SCALER/drvADC.o
                0x00015a2b                _drvADC_AutoAdcColor
 .text.drvADC_Test_Funct
                0x000164c2       0x17 Obj_R2_MT9700_MTK/./monitor_ap/KERNEL/SCALER/drvADC.o
                0x000164c2                _drvADC_Test_Funct
 .text.drvADC_init
                0x000164d9       0x79 Obj_R2_MT9700_MTK/./monitor_ap/KERNEL/SCALER/drvADC.o
                0x000164d9                _drvADC_init
 .text.msADC_init
                0x00016552       0x58 Obj_R2_MT9700_MTK/./monitor_ap/KERNEL/SCALER/drvADC.o
                0x00016552                _msADC_init
 .text.msAPI_OverDriveSetActiveWindow
                0x000165aa        0x4 Obj_R2_MT9700_MTK/./monitor_ap/KERNEL/SCALER/msOVD.o
                0x000165aa                _msAPI_OverDriveSetActiveWindow
 .text.msAPI_OverDriveAdjustWeighting
                0x000165ae        0x4 Obj_R2_MT9700_MTK/./monitor_ap/KERNEL/SCALER/msOVD.o
                0x000165ae                _msAPI_OverDriveAdjustWeighting
 .text.msAPI_OverDriveTable
                0x000165b2        0xc Obj_R2_MT9700_MTK/./monitor_ap/KERNEL/SCALER/msOVD.o
                0x000165b2                _msAPI_OverDriveTable
 .text.msAPI_OverDriveInit
                0x000165be       0x36 Obj_R2_MT9700_MTK/./monitor_ap/KERNEL/SCALER/msOVD.o
                0x000165be                _msAPI_OverDriveInit
 .text.msAPI_OverDriveEnable
                0x000165f4        0x4 Obj_R2_MT9700_MTK/./monitor_ap/KERNEL/SCALER/msOVD.o
                0x000165f4                _msAPI_OverDriveEnable
 .text.msPM_IsState_IDLE
                0x000165f8       0x10 Obj_R2_MT9700_MTK/./monitor_ap/KERNEL/SCALER/Ms_PM.o
                0x000165f8                _msPM_IsState_IDLE
 .text.msPM_Init
                0x00016608       0x20 Obj_R2_MT9700_MTK/./monitor_ap/KERNEL/SCALER/Ms_PM.o
                0x00016608                _msPM_Init
 .text._msPM_mdrv_DPRx_MSCHIP_DPRxID2PortNumber
                0x00016628        0xf Obj_R2_MT9700_MTK/./monitor_ap/KERNEL/SCALER/Ms_PM.o
                0x00016628                __msPM_mdrv_DPRx_MSCHIP_DPRxID2PortNumber
 .text.msPM_SlowClkDetEvntSet
                0x00016637       0x26 Obj_R2_MT9700_MTK/./monitor_ap/KERNEL/SCALER/Ms_PM.o
                0x00016637                _msPM_SlowClkDetEvntSet
 .text.msPM_SlowClkChkReady
                0x0001665d       0x17 Obj_R2_MT9700_MTK/./monitor_ap/KERNEL/SCALER/Ms_PM.o
                0x0001665d                _msPM_SlowClkChkReady
 .text.msPM_TypeCConfig
                0x00016674       0x15 Obj_R2_MT9700_MTK/./monitor_ap/KERNEL/SCALER/Ms_PM.o
                0x00016674                _msPM_TypeCConfig
 .text.msPM_PassWord
                0x00016689       0x3c Obj_R2_MT9700_MTK/./monitor_ap/KERNEL/SCALER/Ms_PM.o
                0x00016689                _msPM_PassWord
 .text.msPM_Exit
                0x000166c5       0x77 Obj_R2_MT9700_MTK/./monitor_ap/KERNEL/SCALER/Ms_PM.o
                0x000166c5                _msPM_Exit
 .text.msPM_ClearStatus
                0x0001673c       0x47 Obj_R2_MT9700_MTK/./monitor_ap/KERNEL/SCALER/Ms_PM.o
                0x0001673c                _msPM_ClearStatus
 .text.msPM_ScanADCCh
                0x00016783       0x41 Obj_R2_MT9700_MTK/./monitor_ap/KERNEL/SCALER/Ms_PM.o
                0x00016783                _msPM_ScanADCCh
 .text.msPM_SetPMClockLive
                0x000167c4       0x1e Obj_R2_MT9700_MTK/./monitor_ap/KERNEL/SCALER/Ms_PM.o
                0x000167c4                _msPM_SetPMClockLive
 .text.msPM_InterruptEnable
                0x000167e2       0x14 Obj_R2_MT9700_MTK/./monitor_ap/KERNEL/SCALER/Ms_PM.o
                0x000167e2                _msPM_InterruptEnable
 .text.msPM_ClockGating
                0x000167f6      0x121 Obj_R2_MT9700_MTK/./monitor_ap/KERNEL/SCALER/Ms_PM.o
                0x000167f6                _msPM_ClockGating
 .text.msPM_MCCSReset
                0x00016917       0x4c Obj_R2_MT9700_MTK/./monitor_ap/KERNEL/SCALER/Ms_PM.o
                0x00016917                _msPM_MCCSReset
 .text.msPM_EnableMCCSDetect
                0x00016963       0xe7 Obj_R2_MT9700_MTK/./monitor_ap/KERNEL/SCALER/Ms_PM.o
                0x00016963                _msPM_EnableMCCSDetect
 .text.msPM_EnableSARDetect
                0x00016a4a      0x1c0 Obj_R2_MT9700_MTK/./monitor_ap/KERNEL/SCALER/Ms_PM.o
                0x00016a4a                _msPM_EnableSARDetect
 .text.msPM_EnableSOGDetect
                0x00016c0a       0x5f Obj_R2_MT9700_MTK/./monitor_ap/KERNEL/SCALER/Ms_PM.o
                0x00016c0a                _msPM_EnableSOGDetect
 .text.msPM_EnableHVSyncDetect
                0x00016c69       0x1d Obj_R2_MT9700_MTK/./monitor_ap/KERNEL/SCALER/Ms_PM.o
                0x00016c69                _msPM_EnableHVSyncDetect
 .text.msPM_Enable_EDID_READ
                0x00016c86       0xbb Obj_R2_MT9700_MTK/./monitor_ap/KERNEL/SCALER/Ms_PM.o
                0x00016c86                _msPM_Enable_EDID_READ
 .text.msPM_StartRCOSCCal
                0x00016d41      0x164 Obj_R2_MT9700_MTK/./monitor_ap/KERNEL/SCALER/Ms_PM.o
                0x00016d41                _msPM_StartRCOSCCal
 .text.msPM_UpdatePowerStatus
                0x00016ea5       0x87 Obj_R2_MT9700_MTK/./monitor_ap/KERNEL/SCALER/Ms_PM.o
                0x00016ea5                _msPM_UpdatePowerStatus
 .text.msPM_Reset
                0x00016f2c       0x30 Obj_R2_MT9700_MTK/./monitor_ap/KERNEL/SCALER/Ms_PM.o
                0x00016f2c                _msPM_Reset
 .text.msPM_SetFlag_PMDCoff
                0x00016f5c       0x4e Obj_R2_MT9700_MTK/./monitor_ap/KERNEL/SCALER/Ms_PM.o
                0x00016f5c                _msPM_SetFlag_PMDCoff
 .text.msPM_SetFlag_Standby
                0x00016faa       0xee Obj_R2_MT9700_MTK/./monitor_ap/KERNEL/SCALER/Ms_PM.o
                0x00016faa                _msPM_SetFlag_Standby
 .text.IsHVSyncActive
                0x00017098       0xb4 Obj_R2_MT9700_MTK/./monitor_ap/KERNEL/SCALER/Ms_PM.o
                0x00017098                _IsHVSyncActive
 .text.msPM_CheckPowerKeyActive
                0x0001714c       0x35 Obj_R2_MT9700_MTK/./monitor_ap/KERNEL/SCALER/Ms_PM.o
                0x0001714c                _msPM_CheckPowerKeyActive
 .text.msPM_CheckMCCSActive
                0x00017181       0x54 Obj_R2_MT9700_MTK/./monitor_ap/KERNEL/SCALER/Ms_PM.o
                0x00017181                _msPM_CheckMCCSActive
 .text.msPM_CheckDVISyncActive
                0x000171d5       0xcc Obj_R2_MT9700_MTK/./monitor_ap/KERNEL/SCALER/Ms_PM.o
                0x000171d5                _msPM_CheckDVISyncActive
 .text.msPM_CheckAnalogSyncActive
                0x000172a1       0xdc Obj_R2_MT9700_MTK/./monitor_ap/KERNEL/SCALER/Ms_PM.o
                0x000172a1                _msPM_CheckAnalogSyncActive
 .text.msPM_EnableGPIODetect
                0x0001737d       0x4e Obj_R2_MT9700_MTK/./monitor_ap/KERNEL/SCALER/Ms_PM.o
                0x0001737d                _msPM_EnableGPIODetect
 .text.msPM_SlowClkInit
                0x000173cb       0x39 Obj_R2_MT9700_MTK/./monitor_ap/KERNEL/SCALER/Ms_PM.o
                0x000173cb                _msPM_SlowClkInit
 .text.msPM_SetPMClock
                0x00017404      0x100 Obj_R2_MT9700_MTK/./monitor_ap/KERNEL/SCALER/Ms_PM.o
                0x00017404                _msPM_SetPMClock
 .text.msPM_Checkagain
                0x00017504      0x126 Obj_R2_MT9700_MTK/./monitor_ap/KERNEL/SCALER/Ms_PM.o
                0x00017504                _msPM_Checkagain
 .text.msPM_SlowClkDetEnable
                0x0001762a       0x92 Obj_R2_MT9700_MTK/./monitor_ap/KERNEL/SCALER/Ms_PM.o
                0x0001762a                _msPM_SlowClkDetEnable
 .text.msPM_SlowClkHandler
                0x000176bc       0x6a Obj_R2_MT9700_MTK/./monitor_ap/KERNEL/SCALER/Ms_PM.o
                0x000176bc                _msPM_SlowClkHandler
 .text.msPM_SlowClkDetForceDisable
                0x00017726       0x29 Obj_R2_MT9700_MTK/./monitor_ap/KERNEL/SCALER/Ms_PM.o
                0x00017726                _msPM_SlowClkDetForceDisable